 addon

 Timestamp is 5935baef (Mon Jun  5 22:11:27 2017)

 Preferred load address is 0000000180000000

 Start         Length     Name                   Class
 0001:00000000 00000110H .text$di                CODE
 0001:00000110 0001c110H .text$mn                CODE
 0001:0001c220 00000020H .text$mn$00             CODE
 0001:0001c240 000004d0H .text$x                 CODE
 0001:0001c710 00000174H .text$yd                CODE
 0002:00000000 000002b8H .idata$5                DATA
 0002:000002b8 00000010H .00cfg                  DATA
 0002:000002c8 00000008H .CRT$XCA                DATA
 0002:000002d0 00000038H .CRT$XCC                DATA
 0002:00000308 00000010H .CRT$XCL                DATA
 0002:00000318 00000008H .CRT$XCU                DATA
 0002:00000320 00000008H .CRT$XCZ                DATA
 0002:00000328 00000008H .CRT$XIA                DATA
 0002:00000330 00000030H .CRT$XIC                DATA
 0002:00000360 00000008H .CRT$XIZ                DATA
 0002:00000368 00000008H .CRT$XLA                DATA
 0002:00000370 00000008H .CRT$XLZ                DATA
 0002:00000378 00000008H .CRT$XPA                DATA
 0002:00000380 00000010H .CRT$XPX                DATA
 0002:00000390 00000008H .CRT$XPXA               DATA
 0002:00000398 00000008H .CRT$XPZ                DATA
 0002:000003a0 00000008H .CRT$XTA                DATA
 0002:000003a8 00000008H .CRT$XTZ                DATA
 0002:000003b0 0000ef48H .rdata                  DATA
 0002:0000f2f8 00000028H .rdata$T                DATA
 0002:0000f320 00000f44H .rdata$r                DATA
 0002:00010264 000004a4H .rdata$zzzdbg           DATA
 0002:00010708 00000008H .rtc$IAA                DATA
 0002:00010710 00000008H .rtc$IZZ                DATA
 0002:00010718 00000008H .rtc$TAA                DATA
 0002:00010720 00000010H .rtc$TZZ                DATA
 0002:00010730 00001a20H .xdata                  DATA
 0002:00012150 000002a4H .xdata$x                DATA
 0002:000123f4 00000020H .didat$2                DATA
 0002:00012414 00000024H .didat$3                DATA
 0002:00012438 00000078H .didat$4                DATA
 0002:000124b0 00000368H .didat$6                DATA
 0002:00012818 00000078H .didat$7                DATA
 0002:00012890 00000050H .edata                  DATA
 0002:000128e0 00000028H .idata$2                DATA
 0002:00012908 00000018H .idata$3                DATA
 0002:00012920 000002b8H .idata$4                DATA
 0002:00012bd8 00000634H .idata$6                DATA
 0003:00000000 00000b90H .data                   DATA
 0003:00000b90 00000590H .data$r                 DATA
 0003:00001120 00000080H .didat$5                DATA
 0003:000011a0 0000196cH .bss                    DATA
 0004:00000000 00001c20H .pdata                  DATA
 0005:00000000 000000b4H .gfids$x                DATA
 0005:000000b4 000001ecH .gfids$y                DATA
 0006:00000000 00000004H .tls                    DATA
 0006:00000004 00000004H .tls$                   DATA
 0006:00000008 00000001H .tls$ZZZ                DATA
 0007:00000000 00000060H .rsrc$01                DATA
 0007:00000060 00000180H .rsrc$02                DATA

  Address         Publics by Value              Rva+Base               Lib:Object

 0000:00000000       __guard_iat_count          0000000000000000     <absolute>
 0000:00000000       __dynamic_value_reloc_table 0000000000000000     <absolute>
 0000:00000000       __guard_iat_table          0000000000000000     <absolute>
 0000:00000000       __guard_fids_count         0000000000000000     <absolute>
 0000:00000000       ___safe_se_handler_table   0000000000000000     <absolute>
 0000:00000000       ___safe_se_handler_count   0000000000000000     <absolute>
 0000:00000000       __guard_longjmp_table      0000000000000000     <absolute>
 0000:00000000       __guard_fids_table         0000000000000000     <absolute>
 0000:00000000       __guard_longjmp_count      0000000000000000     <absolute>
 0000:00000100       __guard_flags              0000000000000100     <absolute>
 0000:00000000       __ImageBase                0000000180000000     <linker-defined>
 0001:00000110       ?what@exception@stdext@@UEBAPEBDXZ 0000000180001110 f i main.obj
 0001:00000130       _guard_check_icall_nop     0000000180001130 f i LIBCMT:guard_support.obj
 0001:00000130       ?imbue@?$basic_streambuf@DU?$char_traits@D@std@@@std@@MEAAXAEBVlocale@2@@Z 0000000180001130 f i libcpmt:cout.obj
 0001:00000130       ?_Doraise@exception@stdext@@MEBAXXZ 0000000180001130 f i main.obj
 0001:00000130       __except_validate_context_record 0000000180001130 f i libvcruntime:jbcxrval.obj
 0001:00000130       ?_Lock@?$basic_streambuf@DU?$char_traits@D@std@@@std@@UEAAXXZ 0000000180001130 f i libcpmt:cout.obj
 0001:00000130       ?_Unlock@?$basic_streambuf@DU?$char_traits@D@std@@@std@@UEAAXXZ 0000000180001130 f i libcpmt:cout.obj
 0001:00000140       ??_Gexception@stdext@@UEAAPEAXI@Z 0000000180001140 f i main.obj
 0001:00000140       ??_Gruntime_error@std@@UEAAPEAXI@Z 0000000180001140 f i main.obj
 0001:00000140       ??_Eruntime_error@std@@UEAAPEAXI@Z 0000000180001140 f i * CIL library *:* CIL module *
 0001:00000140       ??_Eexception@stdext@@UEAAPEAXI@Z 0000000180001140 f i * CIL library *:* CIL module *
 0001:00000170       ?_Deallocate@std@@YAXPEAX_K1@Z 0000000180001170 f i main.obj
 0001:000001e0       ?NODE_SET_METHOD@node@@YAXV?$Local@VObject@v8@@@v8@@PEBDP6AXAEBV?$FunctionCallbackInfo@VValue@v8@@@3@@Z@Z 00000001800011e0 f i main.obj
 0001:000002a0       ??0_Locinfo@std@@QEAA@PEBD@Z 00000001800012a0 f i main.obj
 0001:00000360       ??1_Locinfo@std@@QEAA@XZ   0000000180001360 f i main.obj
 0001:00000400       ??_G_Facet_base@std@@UEAAPEAXI@Z 0000000180001400 f i main.obj
 0001:00000400       ??_E_Facet_base@std@@UEAAPEAXI@Z 0000000180001400 f i * CIL library *:* CIL module *
 0001:00000430       ?_Incref@facet@locale@std@@UEAAXXZ 0000000180001430 f i main.obj
 0001:00000440       ?_Decref@facet@locale@std@@UEAAPEAV_Facet_base@3@XZ 0000000180001440 f i main.obj
 0001:00000450       ?_Getcat@?$ctype@D@std@@SA_KPEAPEBVfacet@locale@2@PEBV42@@Z 0000000180001450 f i main.obj
 0001:00000510       ?do_tolower@?$ctype@D@std@@MEBADD@Z 0000000180001510 f i main.obj
 0001:00000520       ?do_tolower@?$ctype@D@std@@MEBAPEBDPEADPEBD@Z 0000000180001520 f i main.obj
 0001:00000580       ?do_toupper@?$ctype@D@std@@MEBADD@Z 0000000180001580 f i main.obj
 0001:00000590       ?do_toupper@?$ctype@D@std@@MEBAPEBDPEADPEBD@Z 0000000180001590 f i main.obj
 0001:000005f0       ?do_widen@?$ctype@D@std@@MEBADD@Z 00000001800015f0 f i main.obj
 0001:000005f0       ?do_narrow@?$ctype@D@std@@MEBADDD@Z 00000001800015f0 f i main.obj
 0001:00000600       ?do_widen@?$ctype@D@std@@MEBAPEBDPEBD0PEAD@Z 0000000180001600 f i main.obj
 0001:00000620       ?do_narrow@?$ctype@D@std@@MEBAPEBDPEBD0DPEAD@Z 0000000180001620 f i main.obj
 0001:00000640       ??_G?$ctype@D@std@@MEAAPEAXI@Z 0000000180001640 f i main.obj
 0001:00000640       ??_E?$ctype@D@std@@MEAAPEAXI@Z 0000000180001640 f i * CIL library *:* CIL module *
 0001:000006b0       ??_E_Iostream_error_category@std@@UEAAPEAXI@Z 00000001800016b0 f i * CIL library *:* CIL module *
 0001:000006b0       ??_G_Iostream_error_category@std@@UEAAPEAXI@Z 00000001800016b0 f i main.obj
 0001:000006b0       ??_Gerror_category@std@@UEAAPEAXI@Z 00000001800016b0 f i main.obj
 0001:000006b0       ??_Eerror_category@std@@UEAAPEAXI@Z 00000001800016b0 f i * CIL library *:* CIL module *
 0001:000006e0       ?default_error_condition@error_category@std@@UEBA?AVerror_condition@2@H@Z 00000001800016e0 f i main.obj
 0001:000006f0       ?equivalent@error_category@std@@UEBA_NHAEBVerror_condition@2@@Z 00000001800016f0 f i main.obj
 0001:00000750       ?equivalent@error_category@std@@UEBA_NAEBVerror_code@2@H@Z 0000000180001750 f i main.obj
 0001:00000770       ??0_System_error@std@@IEAA@Verror_code@1@AEBV?$basic_string@DU?$char_traits@D@std@@V?$allocator@D@2@@1@@Z 0000000180001770 f i main.obj
 0001:00000990       ??_E_System_error@std@@UEAAPEAXI@Z 0000000180001990 f i * CIL library *:* CIL module *
 0001:00000990       ??_G_System_error@std@@UEAAPEAXI@Z 0000000180001990 f i main.obj
 0001:00000990       ??_Gfailure@ios_base@std@@UEAAPEAXI@Z 0000000180001990 f i main.obj
 0001:00000990       ??_Efailure@ios_base@std@@UEAAPEAXI@Z 0000000180001990 f i * CIL library *:* CIL module *
 0001:000009c0       ?name@_Iostream_error_category@std@@UEBAPEBDXZ 00000001800019c0 f i main.obj
 0001:000009d0       ?message@_Iostream_error_category@std@@UEBA?AV?$basic_string@DU?$char_traits@D@std@@V?$allocator@D@2@@2@H@Z 00000001800019d0 f i main.obj
 0001:00000a50       ?clear@ios_base@std@@QEAAXH_N@Z 0000000180001a50 f i main.obj
 0001:00000dd0       ?DisplayMessageBox@Test@@QEAAHXZ 0000000180001dd0 f i main.obj
 0001:00000e60       ?Add@demo@@YAXAEBV?$FunctionCallbackInfo@VValue@v8@@@v8@@@Z 0000000180001e60 f   main.obj
 0001:00000fc0       ?Init@demo@@YAXV?$Local@VObject@v8@@@v8@@@Z 0000000180001fc0 f   main.obj
 0001:00000fe0       ??1?$basic_string@DU?$char_traits@D@std@@V?$allocator@D@2@@std@@QEAA@XZ 0000000180001fe0 f i main.obj
 0001:00001070       ?assign@?$basic_string@DU?$char_traits@D@std@@V?$allocator@D@2@@std@@QEAAAEAV12@AEBV12@_K1@Z 0000000180002070 f i main.obj
 0001:000011a0       ?append@?$basic_string@DU?$char_traits@D@std@@V?$allocator@D@2@@std@@QEAAAEAV12@PEBD_K@Z 00000001800021a0 f i main.obj
 0001:000012f0       ?append@?$basic_string@DU?$char_traits@D@std@@V?$allocator@D@2@@std@@QEAAAEAV12@AEBV12@_K1@Z 00000001800022f0 f i main.obj
 0001:00001420       ?_Xlen@?$basic_string@DU?$char_traits@D@std@@V?$allocator@D@2@@std@@QEBAXXZ 0000000180002420 f i main.obj
 0001:00001440       ?erase@?$basic_string@DU?$char_traits@D@std@@V?$allocator@D@2@@std@@QEAAAEAV12@_K0@Z 0000000180002440 f i main.obj
 0001:00001510       ?assign@?$basic_string@DU?$char_traits@D@std@@V?$allocator@D@2@@std@@QEAAAEAV12@PEBD_K@Z 0000000180002510 f i main.obj
 0001:00001640       ?_Copy@?$basic_string@DU?$char_traits@D@std@@V?$allocator@D@2@@std@@QEAAX_K0@Z 0000000180002640 f i main.obj
 0001:000017c0       ??$use_facet@V?$ctype@D@std@@@std@@YAAEBV?$ctype@D@0@AEBVlocale@0@@Z 00000001800027c0 f i main.obj
 0001:000018f0       ??$_Immortalize@V_Iostream_error_category@std@@@std@@YAAEAV_Iostream_error_category@0@XZ 00000001800028f0 f i main.obj
 0001:00001970       ??$?6U?$char_traits@D@std@@@std@@YAAEAV?$basic_ostream@DU?$char_traits@D@std@@@0@AEAV10@PEBD@Z 0000000180002970 f i main.obj
 0001:00001c00       ??0sentry@?$basic_ostream@DU?$char_traits@D@std@@@std@@QEAA@AEAV12@@Z 0000000180002c00 f i main.obj
 0001:00001c70       ?flush@?$basic_ostream@DU?$char_traits@D@std@@@std@@QEAAAEAV12@XZ 0000000180002c70 f i main.obj
 0001:00001d60       ?put@?$basic_ostream@DU?$char_traits@D@std@@@std@@QEAAAEAV12@D@Z 0000000180002d60 f i main.obj
 0001:00001eb0       ?widen@?$basic_ios@DU?$char_traits@D@std@@@std@@QEBADD@Z 0000000180002eb0 f i main.obj
 0001:00001f9c       __imp_load_?ThrowException@Isolate@v8@@QEAA?AV?$Local@VValue@v8@@@2@V32@@Z 0000000180002f9c f   node:node.exe
 0001:00001fa8       __tailMerge_node_exe       0000000180002fa8 f i node:node.exe
 0001:00002021       __imp_load_?GetCurrent@Isolate@v8@@SAPEAV12@XZ 0000000180003021 f   node:node.exe
 0001:0000202d       __imp_load_??1HandleScope@v8@@QEAA@XZ 000000018000302d f   node:node.exe
 0001:00002039       __imp_load_??0HandleScope@v8@@QEAA@PEAVIsolate@1@@Z 0000000180003039 f   node:node.exe
 0001:00002045       __imp_load_?TypeError@Exception@v8@@SA?AV?$Local@VValue@v8@@@2@V?$Local@VString@v8@@@2@@Z 0000000180003045 f   node:node.exe
 0001:00002051       __imp_load_?GetFunction@FunctionTemplate@v8@@QEAA?AV?$Local@VFunction@v8@@@2@XZ 0000000180003051 f   node:node.exe
 0001:0000205d       __imp_load_?New@FunctionTemplate@v8@@SA?AV?$Local@VFunctionTemplate@v8@@@2@PEAVIsolate@2@P6AXAEBV?$FunctionCallbackInfo@VValue@v8@@@2@@ZV?$Local@VValue@v8@@@2@V?$Local@VSignature@v8@@@2@H@Z 000000018000305d f   node:node.exe
 0001:00002069       __imp_load_?NumberValue@Value@v8@@QEBANXZ 0000000180003069 f   node:node.exe
 0001:00002075       __imp_load_?IsNumber@Value@v8@@QEBA_NXZ 0000000180003075 f   node:node.exe
 0001:00002081       __imp_load_?NewFromUtf8@String@v8@@SA?AV?$Local@VString@v8@@@2@PEAVIsolate@2@PEBDW4NewStringType@12@H@Z 0000000180003081 f   node:node.exe
 0001:0000208d       __imp_load_?New@Number@v8@@SA?AV?$Local@VNumber@v8@@@2@PEAVIsolate@2@N@Z 000000018000308d f   node:node.exe
 0001:00002099       __imp_load_?Set@Object@v8@@QEAA_NV?$Local@VValue@v8@@@2@0@Z 0000000180003099 f   node:node.exe
 0001:000020a5       __imp_load_?SetName@Function@v8@@QEAAXV?$Local@VString@v8@@@2@@Z 00000001800030a5 f   node:node.exe
 0001:000020b1       __imp_load_node_module_register 00000001800030b1 f   node:node.exe
 0001:000020c0       ??0_Init_locks@std@@QEAA@XZ 00000001800030c0 f   libcpmt:xlock.obj
 0001:0000210c       ??0_Lockit@std@@QEAA@H@Z   000000018000310c f   libcpmt:xlock.obj
 0001:00002148       ??1_Init_locks@std@@QEAA@XZ 0000000180003148 f   libcpmt:xlock.obj
 0001:0000218c       ??1_Lockit@std@@QEAA@XZ    000000018000318c f   libcpmt:xlock.obj
 0001:000021c0       ??$use_facet@V?$codecvt@DDU_Mbstatet@@@std@@@std@@YAAEBV?$codecvt@DDU_Mbstatet@@@0@AEBVlocale@0@@Z 00000001800031c0 f i libcpmt:cout.obj
 0001:000022f8       ??0?$basic_ostream@DU?$char_traits@D@std@@@std@@QEAA@PEAV?$basic_streambuf@DU?$char_traits@D@std@@@1@_N@Z 00000001800032f8 f i libcpmt:cout.obj
 0001:000023c0       ??0?$basic_streambuf@DU?$char_traits@D@std@@@std@@IEAA@XZ 00000001800033c0 f i libcpmt:cout.obj
 0001:00002470       ??0_Init_cout@std@@QEAA@XZ 0000000180003470 f i libcpmt:cout.obj
 0001:000024dc       ??0bad_cast@std@@QEAA@AEBV01@@Z 00000001800034dc f i libcpmt:cout.obj
 0001:0000251c       ??0bad_cast@std@@QEAA@XZ   000000018000351c f i libcpmt:cout.obj
 0001:0000253c       ??0exception@std@@QEAA@AEBV01@@Z 000000018000353c f i libcpmt:cout.obj
 0001:00002574       ??1?$basic_filebuf@DU?$char_traits@D@std@@@std@@UEAA@XZ 0000000180003574 f i libcpmt:cout.obj
 0001:00002620       ??1?$basic_ios@DU?$char_traits@D@std@@@std@@UEAA@XZ 0000000180003620 f i libcpmt:cout.obj
 0001:00002644       ??_E?$basic_ostream@DU?$char_traits@D@std@@@std@@$4PPPPPPPM@A@EAAPEAXI@Z 0000000180003644 f i libcpmt:cout.obj
 0001:00002650       ??_G?$basic_filebuf@DU?$char_traits@D@std@@@std@@UEAAPEAXI@Z 0000000180003650 f i libcpmt:cout.obj
 0001:00002650       ??_E?$basic_filebuf@DU?$char_traits@D@std@@@std@@UEAAPEAXI@Z 0000000180003650 f i libcpmt:cout.obj
 0001:00002684       ??_G?$basic_ios@DU?$char_traits@D@std@@@std@@UEAAPEAXI@Z 0000000180003684 f i libcpmt:cout.obj
 0001:00002684       ??_E?$basic_ios@DU?$char_traits@D@std@@@std@@UEAAPEAXI@Z 0000000180003684 f i libcpmt:cout.obj
 0001:000026d0       ??_G?$basic_ostream@DU?$char_traits@D@std@@@std@@UEAAPEAXI@Z 00000001800036d0 f i libcpmt:cout.obj
 0001:000026d0       ??_E?$basic_ostream@DU?$char_traits@D@std@@@std@@UEAAPEAXI@Z 00000001800036d0 f i libcpmt:cout.obj
 0001:00002740       ??_E?$basic_streambuf@DU?$char_traits@D@std@@@std@@UEAAPEAXI@Z 0000000180003740 f i libcpmt:cout.obj
 0001:00002740       ??_G?$basic_streambuf@DU?$char_traits@D@std@@@std@@UEAAPEAXI@Z 0000000180003740 f i libcpmt:cout.obj
 0001:00002790       ??_E?$codecvt@DDU_Mbstatet@@@std@@MEAAPEAXI@Z 0000000180003790 f i libcpmt:cout.obj
 0001:00002790       ??_G?$codecvt@DDU_Mbstatet@@@std@@MEAAPEAXI@Z 0000000180003790 f i libcpmt:cout.obj
 0001:000027bc       ??_Glogic_error@std@@UEAAPEAXI@Z 00000001800037bc f i libcpmt:xthrow.obj
 0001:000027bc       ??_Gexception@std@@UEAAPEAXI@Z 00000001800037bc f i libcpmt:cout.obj
 0001:000027bc       ??_Elength_error@std@@UEAAPEAXI@Z 00000001800037bc f i libcpmt:xthrow.obj
 0001:000027bc       ??_Eexception@std@@UEAAPEAXI@Z 00000001800037bc f i libcpmt:cout.obj
 0001:000027bc       ??_Elogic_error@std@@UEAAPEAXI@Z 00000001800037bc f i libcpmt:xthrow.obj
 0001:000027bc       ??_Eout_of_range@std@@UEAAPEAXI@Z 00000001800037bc f i libcpmt:xthrow.obj
 0001:000027bc       ??_Gout_of_range@std@@UEAAPEAXI@Z 00000001800037bc f i libcpmt:xthrow.obj
 0001:000027bc       ??_Ebad_exception@std@@UEAAPEAXI@Z 00000001800037bc f i libvcruntime:frame.obj
 0001:000027bc       ??_Ebad_alloc@std@@UEAAPEAXI@Z 00000001800037bc f i libcpmt:xthrow.obj
 0001:000027bc       ??_Ebad_cast@std@@UEAAPEAXI@Z 00000001800037bc f i libcpmt:cout.obj
 0001:000027bc       ??_Ebad_array_new_length@std@@UEAAPEAXI@Z 00000001800037bc f i LIBCMT:throw_bad_alloc.obj
 0001:000027bc       ??_Glength_error@std@@UEAAPEAXI@Z 00000001800037bc f i libcpmt:xthrow.obj
 0001:000027bc       ??_Gbad_exception@std@@UEAAPEAXI@Z 00000001800037bc f i libvcruntime:frame.obj
 0001:000027bc       ??_Gbad_cast@std@@UEAAPEAXI@Z 00000001800037bc f i libcpmt:cout.obj
 0001:000027bc       ??_Gbad_array_new_length@std@@UEAAPEAXI@Z 00000001800037bc f i LIBCMT:throw_bad_alloc.obj
 0001:000027bc       ??_Gbad_alloc@std@@UEAAPEAXI@Z 00000001800037bc f i libcpmt:xthrow.obj
 0001:00002800       ??_Gios_base@std@@UEAAPEAXI@Z 0000000180003800 f i libcpmt:cout.obj
 0001:00002800       ??_Eios_base@std@@UEAAPEAXI@Z 0000000180003800 f i libcpmt:cout.obj
 0001:0000284c       ??_Glocale@std@@QEAAPEAXI@Z 000000018000384c f i libcpmt:cout.obj
 0001:000028dc       ?_Endwrite@?$basic_filebuf@DU?$char_traits@D@std@@@std@@IEAA_NXZ 00000001800038dc f i libcpmt:cout.obj
 0001:00002a90       ?_Getcat@?$codecvt@DDU_Mbstatet@@@std@@SA_KPEAPEBVfacet@locale@2@PEBV42@@Z 0000000180003a90 f i libcpmt:cout.obj
 0001:00002b54       ?_Init@?$basic_filebuf@DU?$char_traits@D@std@@@std@@IEAAXPEAU_iobuf@@W4_Initfl@12@@Z 0000000180003b54 f i libcpmt:cout.obj
 0001:00002c40       ?_Init@ios_base@std@@IEAAXXZ 0000000180003c40 f i libcpmt:cout.obj
 0001:00002cc0       ?_Initcvt@?$basic_filebuf@DU?$char_traits@D@std@@@std@@IEAAXPEBV?$codecvt@DDU_Mbstatet@@@2@@Z 0000000180003cc0 f i libcpmt:cout.obj
 0001:00002d60       ?_Lock@?$basic_filebuf@DU?$char_traits@D@std@@@std@@UEAAXXZ 0000000180003d60 f i libcpmt:cout.obj
 0001:00002d7c       ?_Unlock@?$basic_filebuf@DU?$char_traits@D@std@@@std@@UEAAXXZ 0000000180003d7c f i libcpmt:cout.obj
 0001:00002d98       ?append@?$basic_string@DU?$char_traits@D@std@@V?$allocator@D@2@@std@@QEAAAEAV12@_KD@Z 0000000180003d98 f i libcpmt:cout.obj
 0001:00002e88       ?do_length@?$codecvt@DDU_Mbstatet@@@std@@MEBAHAEAU_Mbstatet@@PEBD1_K@Z 0000000180003e88 f i libcpmt:cout.obj
 0001:00002e9c       ?do_out@?$codecvt@DDU_Mbstatet@@@std@@MEBAHAEAU_Mbstatet@@PEBD1AEAPEBDPEAD3AEAPEAD@Z 0000000180003e9c f i libcpmt:cout.obj
 0001:00002e9c       ?do_in@?$codecvt@DDU_Mbstatet@@@std@@MEBAHAEAU_Mbstatet@@PEBD1AEAPEBDPEAD3AEAPEAD@Z 0000000180003e9c f i libcpmt:cout.obj
 0001:00002eb8       ?do_unshift@?$codecvt@DDU_Mbstatet@@@std@@MEBAHAEAU_Mbstatet@@PEAD1AEAPEAD@Z 0000000180003eb8 f i libcpmt:cout.obj
 0001:00002ec4       ?imbue@?$basic_filebuf@DU?$char_traits@D@std@@@std@@MEAAXAEBVlocale@2@@Z 0000000180003ec4 f i libcpmt:cout.obj
 0001:00002ee8       ?overflow@?$basic_filebuf@DU?$char_traits@D@std@@@std@@MEAAHH@Z 0000000180003ee8 f i libcpmt:cout.obj
 0001:00003148       ?pbackfail@?$basic_streambuf@DU?$char_traits@D@std@@@std@@MEAAHH@Z 0000000180004148 f i libcpmt:cout.obj
 0001:00003148       ?overflow@?$basic_streambuf@DU?$char_traits@D@std@@@std@@MEAAHH@Z 0000000180004148 f i libcpmt:cout.obj
 0001:00003148       ?underflow@?$basic_streambuf@DU?$char_traits@D@std@@@std@@MEAAHXZ 0000000180004148 f i libcpmt:cout.obj
 0001:0000314c       ?pbackfail@?$basic_filebuf@DU?$char_traits@D@std@@@std@@MEAAHH@Z 000000018000414c f i libcpmt:cout.obj
 0001:0000321c       ?seekoff@?$basic_filebuf@DU?$char_traits@D@std@@@std@@MEAA?AV?$fpos@U_Mbstatet@@@2@_JHH@Z 000000018000421c f i libcpmt:cout.obj
 0001:00003308       ?seekoff@?$basic_streambuf@DU?$char_traits@D@std@@@std@@MEAA?AV?$fpos@U_Mbstatet@@@2@_JHH@Z 0000000180004308 f i libcpmt:cout.obj
 0001:00003308       ?seekpos@?$basic_streambuf@DU?$char_traits@D@std@@@std@@MEAA?AV?$fpos@U_Mbstatet@@@2@V32@H@Z 0000000180004308 f i libcpmt:cout.obj
 0001:00003324       ?seekpos@?$basic_filebuf@DU?$char_traits@D@std@@@std@@MEAA?AV?$fpos@U_Mbstatet@@@2@V32@H@Z 0000000180004324 f i libcpmt:cout.obj
 0001:00003424       ?setbuf@?$basic_filebuf@DU?$char_traits@D@std@@@std@@MEAAPEAV?$basic_streambuf@DU?$char_traits@D@std@@@2@PEAD_J@Z 0000000180004424 f i libcpmt:cout.obj
 0001:00003478       ?setbuf@?$basic_streambuf@DU?$char_traits@D@std@@@std@@MEAAPEAV12@PEAD_J@Z 0000000180004478 f i libcpmt:cout.obj
 0001:0000347c       ?showmanyc@?$basic_streambuf@DU?$char_traits@D@std@@@std@@MEAA_JXZ 000000018000447c f i libcpmt:cout.obj
 0001:0000347c       ?sync@?$basic_streambuf@DU?$char_traits@D@std@@@std@@MEAAHXZ 000000018000447c f i libcpmt:cout.obj
 0001:00003480       ?sync@?$basic_filebuf@DU?$char_traits@D@std@@@std@@MEAAHXZ 0000000180004480 f i libcpmt:cout.obj
 0001:000034e0       ?uflow@?$basic_filebuf@DU?$char_traits@D@std@@@std@@MEAAHXZ 00000001800044e0 f i libcpmt:cout.obj
 0001:00003778       ?uflow@?$basic_streambuf@DU?$char_traits@D@std@@@std@@MEAAHXZ 0000000180004778 f i libcpmt:cout.obj
 0001:000037c4       ?underflow@?$basic_filebuf@DU?$char_traits@D@std@@@std@@MEAAHXZ 00000001800047c4 f i libcpmt:cout.obj
 0001:0000383c       ?what@exception@std@@UEBAPEBDXZ 000000018000483c f i libcpmt:cout.obj
 0001:00003850       ?xsgetn@?$basic_streambuf@DU?$char_traits@D@std@@@std@@MEAA_JPEAD_J@Z 0000000180004850 f i libcpmt:cout.obj
 0001:00003910       ?xsputn@?$basic_streambuf@DU?$char_traits@D@std@@@std@@MEAA_JPEBD_J@Z 0000000180004910 f i libcpmt:cout.obj
 0001:000039d4       ??4?$_Yarn@D@std@@QEAAAEAV01@PEBD@Z 00000001800049d4 f i libcpmt:locale0.obj
 0001:00003a4c       ??_G_Fac_node@std@@QEAAPEAXI@Z 0000000180004a4c f i libcpmt:locale0.obj
 0001:00003ad8       ??_G_Locimp@locale@std@@MEAAPEAXI@Z 0000000180004ad8 f i libcpmt:locale0.obj
 0001:00003ad8       ??_E_Locimp@locale@std@@MEAAPEAXI@Z 0000000180004ad8 f i libcpmt:locale0.obj
 0001:00003b44       ?_Facet_Register@std@@YAXPEAV_Facet_base@1@@Z 0000000180004b44 f   libcpmt:locale0.obj
 0001:00003b7c       ?_Getgloballocale@locale@std@@CAPEAV_Locimp@12@XZ 0000000180004b7c f   libcpmt:locale0.obj
 0001:00003b84       ?_Init@locale@std@@CAPEAV_Locimp@12@_N@Z 0000000180004b84 f   libcpmt:locale0.obj
 0001:00003c40       ?_Locimp_dtor@_Locimp@locale@std@@CAXPEAV123@@Z 0000000180004c40 f   libcpmt:locale0.obj
 0001:00003ce8       ?_Locinfo_ctor@_Locinfo@std@@SAXPEAV12@PEBD@Z 0000000180004ce8 f   libcpmt:locale0.obj
 0001:00003d54       ?_Locinfo_dtor@_Locinfo@std@@SAXPEAV12@@Z 0000000180004d54 f   libcpmt:locale0.obj
 0001:00003d78       ?_New_Locimp@_Locimp@locale@std@@CAPEAV123@_N@Z 0000000180004d78 f   libcpmt:locale0.obj
 0001:00003de8       ?_Setgloballocale@locale@std@@CAXPEAX@Z 0000000180004de8 f   libcpmt:locale0.obj
 0001:00003e1c       _Deletegloballocale        0000000180004e1c f   libcpmt:locale0.obj
 0001:00003ea4       ??0bad_alloc@std@@QEAA@AEBV01@@Z 0000000180004ea4 f i libcpmt:xthrow.obj
 0001:00003ee4       ??0bad_alloc@std@@QEAA@XZ  0000000180004ee4 f i libcpmt:xthrow.obj
 0001:00003f04       ??0length_error@std@@QEAA@AEBV01@@Z 0000000180004f04 f i libcpmt:xthrow.obj
 0001:00003f44       ??0length_error@std@@QEAA@PEBD@Z 0000000180004f44 f i libcpmt:xthrow.obj
 0001:00003f90       ??0logic_error@std@@QEAA@AEBV01@@Z 0000000180004f90 f i libcpmt:xthrow.obj
 0001:00003fd0       ??0out_of_range@std@@QEAA@AEBV01@@Z 0000000180004fd0 f i libcpmt:xthrow.obj
 0001:00004010       ??0out_of_range@std@@QEAA@PEBD@Z 0000000180005010 f i libcpmt:xthrow.obj
 0001:0000405c       ??1out_of_range@std@@UEAA@XZ 000000018000505c f i libcpmt:xthrow.obj
 0001:0000405c       ??1bad_cast@std@@UEAA@XZ   000000018000505c f i libcpmt:cout.obj
 0001:0000405c       ??1bad_exception@std@@UEAA@XZ 000000018000505c f i libvcruntime:frame.obj
 0001:0000405c       ??1bad_array_new_length@std@@UEAA@XZ 000000018000505c f i LIBCMT:throw_bad_alloc.obj
 0001:0000405c       ??1bad_alloc@std@@UEAA@XZ  000000018000505c f i libcpmt:xthrow.obj
 0001:0000405c       ??1length_error@std@@UEAA@XZ 000000018000505c f i libcpmt:xthrow.obj
 0001:00004070       ?_Xlength_error@std@@YAXPEBD@Z 0000000180005070 f   libcpmt:xthrow.obj
 0001:00004094       ?_Xout_of_range@std@@YAXPEBD@Z 0000000180005094 f   libcpmt:xthrow.obj
 0001:000040b8       ?_Syserror_map@std@@YAPEBDH@Z 00000001800050b8 f   libcpmt:syserror.obj
 0001:000040e0       _Getctype                  00000001800050e0 f   libcpmt:_tolower.obj
 0001:000041a0       _Tolower                   00000001800051a0 f   libcpmt:_tolower.obj
 0001:000042c8       _Toupper                   00000001800052c8 f   libcpmt:_toupper.obj
 0001:00004400       _Mtxdst                    0000000180005400 f   libcpmt:xmtx.obj
 0001:00004408       _Mtxinit                   0000000180005408 f   libcpmt:xmtx.obj
 0001:00004418       _Mtxlock                   0000000180005418 f   libcpmt:xmtx.obj
 0001:00004420       _Mtxunlock                 0000000180005420 f   libcpmt:xmtx.obj
 0001:00004428       ?_Addstd@ios_base@std@@SAXPEAV12@@Z 0000000180005428 f   libcpmt:ios.obj
 0001:00004498       ?_Ios_base_dtor@ios_base@std@@CAXPEAV12@@Z 0000000180005498 f   libcpmt:ios.obj
 0001:000044dc       ?_Tidy@ios_base@std@@AEAAXXZ 00000001800054dc f i libcpmt:ios.obj
 0001:0000456c       ?_Atexit@@YAXP6AXXZ@Z      000000018000556c f   libcpmt:iosptrs.obj
 0001:000045ac       __local_stdio_printf_options 00000001800055ac f i libcpmt:locale.obj
 0001:000045b4       __crtLCMapStringA          00000001800055b4 f   libcpmt:StlLCMapStringA.obj
 0001:00004d70       __crtInitializeCriticalSectionEx 0000000180005d70 f   libcpmt:winapisupp.obj
 0001:00004dd0       GetTableIndexFromLocaleName 0000000180005dd0 f   libcpmt:winapinls.obj
 0001:00004e5c       __crtDownlevelLocaleNameToLCID 0000000180005e5c f   libcpmt:winapinls.obj
 0001:00004e90       __crtLCMapStringEx         0000000180005e90 f   libcpmt:winapinls.obj
 0001:00004f4c       __wcsnicmp_ascii           0000000180005f4c f   libcpmt:winapinls.obj
 0001:00004fc0       __security_check_cookie    0000000180005fc0 f   LIBCMT:_amdsecgs_.obj
 0001:0000512c       _Init_thread_footer        000000018000612c f   LIBCMT:thread_safe_statics.obj
 0001:0000518c       _Init_thread_header        000000018000618c f   LIBCMT:thread_safe_statics.obj
 0001:000051f4       _Init_thread_notify        00000001800061f4 f   LIBCMT:thread_safe_statics.obj
 0001:00005250       _Init_thread_wait          0000000180006250 f   LIBCMT:thread_safe_statics.obj
 0001:000052e8       ??2@YAPEAX_K@Z             00000001800062e8 f   LIBCMT:new_scalar.obj
 0001:00005324       __scrt_acquire_startup_lock 0000000180006324 f   LIBCMT:utility.obj
 0001:00005360       __scrt_dllmain_after_initialize_c 0000000180006360 f   LIBCMT:utility.obj
 0001:00005394       __scrt_dllmain_before_initialize_c 0000000180006394 f   LIBCMT:utility.obj
 0001:000053ac       __scrt_dllmain_crt_thread_attach 00000001800063ac f   LIBCMT:utility.obj
 0001:000053d4       __scrt_dllmain_crt_thread_detach 00000001800063d4 f   LIBCMT:utility.obj
 0001:000053ec       __scrt_dllmain_exception_filter 00000001800063ec f   LIBCMT:utility.obj
 0001:00005450       __scrt_dllmain_uninitialize_c 0000000180006450 f   LIBCMT:utility.obj
 0001:00005480       __scrt_dllmain_uninitialize_critical 0000000180006480 f   LIBCMT:utility.obj
 0001:00005494       __scrt_initialize_crt      0000000180006494 f   LIBCMT:utility.obj
 0001:000054e0       __scrt_initialize_onexit_tables 00000001800064e0 f   LIBCMT:utility.obj
 0001:000055ac       __scrt_is_nonwritable_in_current_image 00000001800065ac f   LIBCMT:utility.obj
 0001:00005648       __scrt_release_startup_lock 0000000180006648 f   LIBCMT:utility.obj
 0001:0000566c       __scrt_uninitialize_crt    000000018000666c f   LIBCMT:utility.obj
 0001:00005698       _onexit                    0000000180006698 f   LIBCMT:utility.obj
 0001:000056e8       atexit                     00000001800066e8 f   LIBCMT:utility.obj
 0001:00005700       ??3@YAXPEAX@Z              0000000180006700 f   LIBCMT:delete_scalar.obj
 0001:00005708       ??_V@YAXPEAX@Z             0000000180006708 f   LIBCMT:delete_array.obj
 0001:00005708       ??3@YAXPEAX_K@Z            0000000180006708 f   LIBCMT:delete_scalar_size.obj
 0001:00005a5c       _DllMainCRTStartup         0000000180006a5c f   LIBCMT:dll_dllmain.obj
 0001:00005a9c       __GSHandlerCheck           0000000180006a9c f   LIBCMT:_gshandler_.obj
 0001:00005abc       __GSHandlerCheckCommon     0000000180006abc f   LIBCMT:_gshandler_.obj
 0001:00005b18       __GSHandlerCheck_EH        0000000180006b18 f   LIBCMT:gshandlereh.obj
 0001:00005b98       _guard_check_icall         0000000180006b98 f i LIBCMT:checkcfg.obj
 0001:00005ba0       ??_Gtype_info@@UEAAPEAXI@Z 0000000180006ba0 f i LIBCMT:std_type_info_static.obj
 0001:00005ba0       ??_Etype_info@@UEAAPEAXI@Z 0000000180006ba0 f i LIBCMT:std_type_info_static.obj
 0001:00005be0       __chkstk                   0000000180006be0 f   LIBCMT:_chkstk_.obj
 0001:00005be0       _alloca_probe              0000000180006be0 f   LIBCMT:_chkstk_.obj
 0001:00005c34       __raise_securityfailure    0000000180006c34 f   LIBCMT:gs_report.obj
 0001:00005c68       __report_gsfailure         0000000180006c68 f   LIBCMT:gs_report.obj
 0001:00005d3c       __report_rangecheckfailure 0000000180006d3c f   LIBCMT:gs_report.obj
 0001:00005d50       __report_securityfailure   0000000180006d50 f   LIBCMT:gs_report.obj
 0001:00005ed0       __crt_debugger_hook        0000000180006ed0 f   LIBCMT:utility_desktop.obj
 0001:00005ed8       __scrt_fastfail            0000000180006ed8 f   LIBCMT:utility_desktop.obj
 0001:00006020       ??0bad_array_new_length@std@@QEAA@AEBV01@@Z 0000000180007020 f i LIBCMT:throw_bad_alloc.obj
 0001:00006060       ??0bad_array_new_length@std@@QEAA@XZ 0000000180007060 f i LIBCMT:throw_bad_alloc.obj
 0001:00006080       ?_Xbad_alloc@std@@YAXXZ    0000000180007080 f   libcpmt:xthrow.obj
 0001:00006080       ?__scrt_throw_std_bad_alloc@@YAXXZ 0000000180007080 f   LIBCMT:throw_bad_alloc.obj
 0001:000060a0       ?__scrt_throw_std_bad_array_new_length@@YAXXZ 00000001800070a0 f   LIBCMT:throw_bad_alloc.obj
 0001:000060c0       __isa_available_init       00000001800070c0 f   LIBCMT:_cpu_disp_.obj
 0001:00006288       DllMain                    0000000180007288 f   LIBCMT:dll_dllmain_stub.obj
 0001:00006288       ?do_max_length@codecvt_base@std@@MEBAHXZ 0000000180007288 f   libcpmt:cout.obj
 0001:00006288       _get_startup_argv_mode     0000000180007288 f   LIBCMT:argv_mode.obj
 0001:00006288       ?do_encoding@codecvt_base@std@@MEBAHXZ 0000000180007288 f   libcpmt:cout.obj
 0001:00006290       __scrt_is_ucrt_dll_in_use  0000000180007290 f   LIBCMT:ucrt_detection.obj
 0001:0000629c       __security_init_cookie     000000018000729c f   LIBCMT:gs_support.obj
 0001:00006348       ?__scrt_initialize_type_info@@YAXXZ 0000000180007348 f   LIBCMT:tncleanup.obj
 0001:00006358       ?__scrt_uninitialize_type_info@@YAXXZ 0000000180007358 f   LIBCMT:tncleanup.obj
 0001:00006364       __local_stdio_scanf_options 0000000180007364 f i LIBCMT:default_local_stdio_options.obj
 0001:0000636c       __scrt_initialize_default_local_stdio_options 000000018000736c f   LIBCMT:default_local_stdio_options.obj
 0001:00006388       __scrt_get_dyn_tls_init_callback 0000000180007388 f   LIBCMT:dyn_tls_init.obj
 0001:00006390       _RTC_Initialize            0000000180007390 f   LIBCMT:_initsect_.obj
 0001:000063dc       _RTC_Terminate             00000001800073dc f   LIBCMT:_initsect_.obj
 0001:00006440       memmove                    0000000180007440 f   libvcruntime:memcpy.obj
 0001:00006440       memcpy                     0000000180007440 f   libvcruntime:memcpy.obj
 0001:00006878       _purecall                  0000000180007878 f   libvcruntime:purevirt.obj
 0001:000068b4       __DestructExceptionObject  00000001800078b4 f   libvcruntime:frame.obj
 0001:0000693c       ??0bad_exception@std@@QEAA@AEBV01@@Z 000000018000793c f i libvcruntime:frame.obj
 0001:0000697c       ??0bad_exception@std@@QEAA@XZ 000000018000797c f i libvcruntime:frame.obj
 0001:000072f8       ?_CallMemberFunction0@@YAXPEAXP6AX0@Z@Z 00000001800082f8 f i libvcruntime:frame.obj
 0001:000072fc       ?_CallMemberFunction1@@YAXPEAXP6AX0@Z0@Z 00000001800082fc f i libvcruntime:frame.obj
 0001:00007308       ?_CallMemberFunction2@@YAXPEAXP6AX0@Z0H@Z 0000000180008308 f i libvcruntime:frame.obj
 0001:00007318       __AdjustPointer            0000000180008318 f   libvcruntime:frame.obj
 0001:0000733c       __BuildCatchObject         000000018000833c f   libvcruntime:frame.obj
 0001:00007400       __BuildCatchObjectHelper   0000000180008400 f   libvcruntime:frame.obj
 0001:000075e0       __CxxCallCatchBlock        00000001800085e0 f   libvcruntime:frame.obj
 0001:000077cc       __FrameUnwindFilter        00000001800087cc f   libvcruntime:frame.obj
 0001:00007818       __FrameUnwindToState       0000000180008818 f   libvcruntime:frame.obj
 0001:000079ac       __InternalCxxFrameHandler  00000001800089ac f   libvcruntime:frame.obj
 0001:00007c04       __TypeMatch                0000000180008c04 f   libvcruntime:frame.obj
 0001:00007d44       __std_terminate            0000000180008d44 f   libvcruntime:frame.obj
 0001:00007d50       __std_exception_copy       0000000180008d50 f   libvcruntime:std_exception.obj
 0001:00007de0       __std_exception_destroy    0000000180008de0 f   libvcruntime:std_exception.obj
 0001:00007e08       _CxxThrowException         0000000180008e08 f   libvcruntime:throw.obj
 0001:00007ee0       ?_ExecutionInCatch@@YAHPEAU_xDISPATCHER_CONTEXT@@PEBU_s_FuncInfo@@@Z 0000000180008ee0 f   libvcruntime:trnsctrl.obj
 0001:00007f54       ?_GetEstablisherFrame@@YAPEA_KPEA_KPEAU_xDISPATCHER_CONTEXT@@PEBU_s_FuncInfo@@0@Z 0000000180008f54 f   libvcruntime:trnsctrl.obj
 0001:00008020       ?_GetRangeOfTrysToCheck@@YAPEBU_s_TryBlockMapEntry@@PEA_KPEBU_s_FuncInfo@@HHPEAI2PEAU_xDISPATCHER_CONTEXT@@@Z 0000000180009020 f   libvcruntime:trnsctrl.obj
 0001:0000814c       ?__FrameUnwindToEmptyState@@YAXPEA_KPEAU_xDISPATCHER_CONTEXT@@PEBU_s_FuncInfo@@@Z 000000018000914c f   libvcruntime:trnsctrl.obj
 0001:000081e0       ?__SehTransFilter@@YAHPEAU_EXCEPTION_POINTERS@@PEAUEHExceptionRecord@@PEA_KPEAU_CONTEXT@@PEAU_xDISPATCHER_CONTEXT@@PEBU_s_FuncInfo@@PEAH@Z 00000001800091e0 f   libvcruntime:trnsctrl.obj
 0001:00008278       _CallSETranslator          0000000180009278 f   libvcruntime:trnsctrl.obj
 0001:000082d0       _CreateFrameInfo           00000001800092d0 f   libvcruntime:trnsctrl.obj
 0001:0000830c       _FindAndUnlinkFrame        000000018000930c f   libvcruntime:trnsctrl.obj
 0001:00008364       _GetImageBase              0000000180009364 f   libvcruntime:trnsctrl.obj
 0001:00008378       _GetThrowImageBase         0000000180009378 f   libvcruntime:trnsctrl.obj
 0001:0000838c       _IsExceptionObjectToBeDestroyed 000000018000938c f   libvcruntime:trnsctrl.obj
 0001:000083bc       _SetImageBase              00000001800093bc f   libvcruntime:trnsctrl.obj
 0001:000083d4       _SetThrowImageBase         00000001800093d4 f   libvcruntime:trnsctrl.obj
 0001:000083ec       _UnwindNestedFrames        00000001800093ec f   libvcruntime:trnsctrl.obj
 0001:00008510       __CxxFrameHandler3         0000000180009510 f   libvcruntime:trnsctrl.obj
 0001:000085a0       memset                     00000001800095a0 f   libvcruntime:memset.obj
 0001:00008750       memcmp                     0000000180009750 f   libvcruntime:memcmp.obj
 0001:000089e0       __vcrt_FlsAlloc            00000001800099e0 f   libvcruntime:winapi_downlevel.obj
 0001:00008a34       __vcrt_FlsFree             0000000180009a34 f   libvcruntime:winapi_downlevel.obj
 0001:00008a88       __vcrt_FlsGetValue         0000000180009a88 f   libvcruntime:winapi_downlevel.obj
 0001:00008adc       __vcrt_FlsSetValue         0000000180009adc f   libvcruntime:winapi_downlevel.obj
 0001:00008b44       __vcrt_InitializeCriticalSectionEx 0000000180009b44 f   libvcruntime:winapi_downlevel.obj
 0001:00008bbc       __vcrt_initialize_winapi_thunks 0000000180009bbc f   libvcruntime:winapi_downlevel.obj
 0001:00008c08       __vcrt_uninitialize_winapi_thunks 0000000180009c08 f   libvcruntime:winapi_downlevel.obj
 0001:00008c48       __vcrt_initialize          0000000180009c48 f   libvcruntime:initialization.obj
 0001:00008c7c       __vcrt_thread_attach       0000000180009c7c f   libvcruntime:initialization.obj
 0001:00008c90       __vcrt_thread_detach       0000000180009c90 f   libvcruntime:initialization.obj
 0001:00008ca4       __vcrt_uninitialize        0000000180009ca4 f   libvcruntime:initialization.obj
 0001:00008cc4       __vcrt_uninitialize_critical 0000000180009cc4 f   libvcruntime:initialization.obj
 0001:00008cd4       __C_specific_handler       0000000180009cd4 f   libvcruntime:_chandler_.obj
 0001:00008ed0       __std_type_info_compare    0000000180009ed0 f   libvcruntime:std_type_info.obj
 0001:00008ef8       __std_type_info_destroy_list 0000000180009ef8 f   libvcruntime:std_type_info.obj
 0001:00008f24       __vcrt_initialize_pure_virtual_call_handler 0000000180009f24 f   libvcruntime:purevirt_data.obj
 0001:00008f48       __vcrt_freefls             0000000180009f48 f   libvcruntime:per_thread_data.obj
 0001:00008f68       __vcrt_freeptd             0000000180009f68 f   libvcruntime:per_thread_data.obj
 0001:00008fb8       __vcrt_getptd              0000000180009fb8 f   libvcruntime:per_thread_data.obj
 0001:00008fd4       __vcrt_getptd_noexit       0000000180009fd4 f   libvcruntime:per_thread_data.obj
 0001:0000908c       __vcrt_initialize_ptd      000000018000a08c f   libvcruntime:per_thread_data.obj
 0001:000090cc       __vcrt_uninitialize_ptd    000000018000a0cc f   libvcruntime:per_thread_data.obj
 0001:000090f0       ?__GetCurrentState@@YAHPEA_KPEAU_xDISPATCHER_CONTEXT@@PEBU_s_FuncInfo@@@Z 000000018000a0f0 f   libvcruntime:ehstate.obj
 0001:00009118       ?__GetUnwindTryBlock@@YAHPEA_KPEAU_xDISPATCHER_CONTEXT@@PEBU_s_FuncInfo@@@Z 000000018000a118 f   libvcruntime:ehstate.obj
 0001:00009144       ?__SetState@@YAXPEA_KPEAU_xDISPATCHER_CONTEXT@@PEBU_s_FuncInfo@@H@Z 000000018000a144 f   libvcruntime:ehstate.obj
 0001:00009150       ?__SetUnwindTryBlock@@YAXPEA_KPEAU_xDISPATCHER_CONTEXT@@PEBU_s_FuncInfo@@H@Z 000000018000a150 f   libvcruntime:ehstate.obj
 0001:0000918c       ?__StateFromControlPc@@YAHPEBU_s_FuncInfo@@PEAU_xDISPATCHER_CONTEXT@@@Z 000000018000a18c f   libvcruntime:ehstate.obj
 0001:00009194       ?__StateFromIp@@YAHPEBU_s_FuncInfo@@PEAU_xDISPATCHER_CONTEXT@@_J@Z 000000018000a194 f   libvcruntime:ehstate.obj
 0001:00009210       _CallSettingFrame          000000018000a210 f   libvcruntime:handlers.obj
 0001:00009260       _local_unwind              000000018000a260 f   libvcruntime:_jmpuwind_.obj
 0001:00009290       _NLG_Notify                000000018000a290 f   libvcruntime:_jmpuwind_.obj
 0001:000092b0       __NLG_Dispatch2            000000018000a2b0 f   libvcruntime:_jmpuwind_.obj
 0001:000092c0       __NLG_Return2              000000018000a2c0 f   libvcruntime:_jmpuwind_.obj
 0001:000092c4       __vcrt_initialize_locks    000000018000a2c4 f   libvcruntime:locks.obj
 0001:0000930c       __vcrt_uninitialize_locks  000000018000a30c f   libvcruntime:locks.obj
 0001:00009344       abort                      000000018000a344 f   libucrt:abort.obj
 0001:0000939c       __acrt_call_reportfault    000000018000a39c f   libucrt:invalid_parameter.obj
 0001:000094f8       __acrt_initialize_invalid_parameter_handler 000000018000a4f8 f   libucrt:invalid_parameter.obj
 0001:00009500       _invalid_parameter         000000018000a500 f   libucrt:invalid_parameter.obj
 0001:000095a8       _invalid_parameter_noinfo  000000018000a5a8 f   libucrt:invalid_parameter.obj
 0001:000095c8       _invalid_parameter_noinfo_noreturn 000000018000a5c8 f   libucrt:invalid_parameter.obj
 0001:000095f8       _invoke_watson             000000018000a5f8 f   libucrt:invalid_parameter.obj
 0001:00009640       free                       000000018000a640 f   libucrt:free.obj
 0001:00009648       ??0_LocaleUpdate@@QEAA@QEAU__crt_locale_pointers@@@Z 000000018000a648 f i libucrt:stricmp.obj
 0001:000096d8       __ascii_stricmp            000000018000a6d8 f   libucrt:stricmp.obj
 0001:00009714       _stricmp                   000000018000a714 f   libucrt:stricmp.obj
 0001:0000975c       _stricmp_l                 000000018000a75c f   libucrt:stricmp.obj
 0001:00009810       __acrt_initialize_locks    000000018000a810 f   libucrt:locks.obj
 0001:00009858       __acrt_lock                000000018000a858 f   libucrt:locks.obj
 0001:00009874       __acrt_uninitialize_locks  000000018000a874 f   libucrt:locks.obj
 0001:000098ac       __acrt_unlock              000000018000a8ac f   libucrt:locks.obj
 0001:000098c8       _lock_locales              000000018000a8c8 f   libucrt:locks.obj
 0001:000098d8       _unlock_locales            000000018000a8d8 f   libucrt:locks.obj
 0001:000098e8       __acrt_errno_from_os_error 000000018000a8e8 f   libucrt:errno.obj
 0001:00009930       __acrt_errno_map_os_error  000000018000a930 f   libucrt:errno.obj
 0001:00009980       __doserrno                 000000018000a980 f   libucrt:errno.obj
 0001:000099a0       _errno                     000000018000a9a0 f   libucrt:errno.obj
 0001:000099c0       __acrt_initialize_stdio    000000018000a9c0 f   libucrt:_file.obj
 0001:00009ae0       __acrt_iob_func            000000018000aae0 f   libucrt:_file.obj
 0001:00009af4       __acrt_uninitialize_stdio  000000018000aaf4 f   libucrt:_file.obj
 0001:00009b50       _get_stream_buffer_pointers 000000018000ab50 f   libucrt:_file.obj
 0001:00009b98       _lock_file                 000000018000ab98 f   libucrt:_file.obj
 0001:00009ba4       _unlock_file               000000018000aba4 f   libucrt:_file.obj
 0001:00009bb0       _fclose_nolock             000000018000abb0 f   libucrt:fclose.obj
 0001:00009c34       fclose                     000000018000ac34 f   libucrt:fclose.obj
 0001:00009ca0       __acrt_stdio_flush_nolock  000000018000aca0 f   libucrt:fflush.obj
 0001:00009d18       _fflush_nolock             000000018000ad18 f   libucrt:fflush.obj
 0001:00009d64       _flushall                  000000018000ad64 f   libucrt:fflush.obj
 0001:00009e54       fflush                     000000018000ae54 f   libucrt:fflush.obj
 0001:00009e98       _fgetc_nolock              000000018000ae98 f   libucrt:fgetc.obj
 0001:00009edc       fgetc                      000000018000aedc f   libucrt:fgetc.obj
 0001:00009fe0       fgetpos                    000000018000afe0 f   libucrt:fgetpos.obj
 0001:0000a02c       fputc                      000000018000b02c f   libucrt:fputc.obj
 0001:0000a14c       fsetpos                    000000018000b14c f   libucrt:fsetpos.obj
 0001:0000a3f8       _fseeki64                  000000018000b3f8 f   libucrt:fseek.obj
 0001:0000a400       ??$?RV<lambda_5d4c3fee44080f75d5d9762853974fe0>@@AEAV<lambda_532e024f4337e6fc7ad266c2bef9f4ed>@@V<lambda_c87bdc10097eb2402edb8ba9bdf0697b>@@@?$__crt_seh_guarded_call@_K@@QEAA_K$$QEAV<lambda_5d4c3fee44080f75d5d9762853974fe0>@@AEAV<lambda_532e024f4337e6fc7ad266c2bef9f4ed>@@$$QEAV<lambda_c87bdc10097eb2402edb8ba9bdf0697b>@@@Z 000000018000b400 f i libucrt:fwrite.obj
 0001:0000a4a4       _fwrite_nolock             000000018000b4a4 f   libucrt:fwrite.obj
 0001:0000a640       fwrite                     000000018000b640 f   libucrt:fwrite.obj
 0001:0000a6c4       ??$?RV<lambda_7a5ef57ff966f610505f1d28a3d40618>@@AEAV<lambda_b721fa326cdb32351d23dfa67958c160>@@V<lambda_5e0fb27672408a07956fe59e48ccb2aa>@@@?$__crt_seh_guarded_call@H@@QEAAH$$QEAV<lambda_7a5ef57ff966f610505f1d28a3d40618>@@AEAV<lambda_b721fa326cdb32351d23dfa67958c160>@@$$QEAV<lambda_5e0fb27672408a07956fe59e48ccb2aa>@@@Z 000000018000b6c4 f i libucrt:setvbuf.obj
 0001:0000a7f4       setvbuf                    000000018000b7f4 f   libucrt:setvbuf.obj
 0001:0000a894       _ungetc_nolock             000000018000b894 f   libucrt:ungetc.obj
 0001:0000a9a4       ungetc                     000000018000b9a4 f   libucrt:ungetc.obj
 0001:0000aa04       malloc                     000000018000ba04 f   libucrt:malloc.obj
 0001:0000aaf4       setlocale                  000000018000baf4 f   libucrt:setlocale.obj
 0001:0000acc0       _calloc_base               000000018000bcc0 f   libucrt:calloc_base.obj
 0001:0000ad38       __pctype_func              000000018000bd38 f   libucrt:ctype.obj
 0001:0000ad68       islower                    000000018000bd68 f i libucrt:_ctype.obj
 0001:0000addc       isupper                    000000018000bddc f i libucrt:_ctype.obj
 0001:0000ae50       _wcsdup                    000000018000be50 f   libucrt:wcsdup.obj
 0001:0000aed4       ___lc_codepage_func        000000018000bed4 f   libucrt:initctype.obj
 0001:0000af04       ___lc_locale_name_func     000000018000bf04 f   libucrt:initctype.obj
 0001:0000af38       __acrt_locale_initialize_ctype 000000018000bf38 f   libucrt:initctype.obj
 0001:0000b50c       _malloc_base               000000018000c50c f   libucrt:malloc_base.obj
 0001:0000b56c       _realloc_base              000000018000c56c f   libucrt:realloc_base.obj
 0001:0000b5f0       pow                        000000018000c5f0 f   libucrt:pow.obj
 0001:0000cc90       powf                       000000018000dc90 f   libucrt:powf.obj
 0001:0000db58       __strncnt                  000000018000eb58 f   libucrt:strncnt.obj
 0001:0000db70       _free_base                 000000018000eb70 f   libucrt:free_base.obj
 0001:0000dc28       _ismbblead                 000000018000ec28 f   libucrt:ismbbyte.obj
 0001:0000dc8c       _tolower_l                 000000018000ec8c f   libucrt:tolower_toupper.obj
 0001:0000ddcc       wcscpy_s                   000000018000edcc f   libucrt:wcscpy_s.obj
 0001:0000de34       wcsnlen                    000000018000ee34 f   libucrt:strnlen.obj
 0001:0000e024       __acrt_initialize_new_handler 000000018000f024 f   libucrt:new_handler.obj
 0001:0000e02c       _callnewh                  000000018000f02c f   libucrt:new_handler.obj
 0001:0000e06c       _query_new_handler         000000018000f06c f   libucrt:new_handler.obj
 0001:0000e0a0       _seh_filter_dll            000000018000f0a0 f   libucrt:exception_filter.obj
 0001:0000e0b4       _seh_filter_exe            000000018000f0b4 f   libucrt:exception_filter.obj
 0001:0000e474       __acrt_initialize_thread_local_exit_callback 000000018000f474 f   libucrt:exit.obj
 0001:0000e47c       _cexit                     000000018000f47c f   libucrt:exit.obj
 0001:0000e48c       _exit                      000000018000f48c f   libucrt:exit.obj
 0001:0000e498       _is_c_termination_complete 000000018000f498 f   libucrt:exit.obj
 0001:0000e65c       __acrt_allocate_buffer_for_argv 000000018000f65c f   libucrt:argv_parsing.obj
 0001:0000e6c0       _configure_narrow_argv     000000018000f6c0 f   libucrt:argv_parsing.obj
 0001:0000ea1c       __dcrt_uninitialize_environments_nolock 000000018000fa1c f   libucrt:environment_initialization.obj
 0001:0000ea54       _initialize_narrow_environment 000000018000fa54 f   libucrt:environment_initialization.obj
 0001:0000ea5c       ??$?RV<lambda_b8c45f8f788dd370798f47cfe8ac3a86>@@AEAV<lambda_4e60a939b0d047cfe11ddc22648dfba9>@@V<lambda_332c3edc96d0294ec56c57d38c1cdfd5>@@@?$__crt_seh_guarded_call@H@@QEAAH$$QEAV<lambda_b8c45f8f788dd370798f47cfe8ac3a86>@@AEAV<lambda_4e60a939b0d047cfe11ddc22648dfba9>@@$$QEAV<lambda_332c3edc96d0294ec56c57d38c1cdfd5>@@@Z 000000018000fa5c f i libucrt:onexit.obj
 0001:0000ea98       ??$?RV<lambda_e24bbb7b643b32fcea6fa61b31d4c984>@@AEAV<lambda_275893d493268fdec8709772e3fcec0e>@@V<lambda_9d71df4d7cf3f480f8d633942495c3b0>@@@?$__crt_seh_guarded_call@H@@QEAAH$$QEAV<lambda_e24bbb7b643b32fcea6fa61b31d4c984>@@AEAV<lambda_275893d493268fdec8709772e3fcec0e>@@$$QEAV<lambda_9d71df4d7cf3f480f8d633942495c3b0>@@@Z 000000018000fa98 f i libucrt:onexit.obj
 0001:0000ee14       _crt_atexit                000000018000fe14 f   libucrt:onexit.obj
 0001:0000ee24       _execute_onexit_table      000000018000fe24 f   libucrt:onexit.obj
 0001:0000ee60       _initialize_onexit_table   000000018000fe60 f   libucrt:onexit.obj
 0001:0000eea0       _register_onexit_function  000000018000fea0 f   libucrt:onexit.obj
 0001:0000ef30       ?do_always_noconv@?$codecvt@DDU_Mbstatet@@@std@@MEBA_NXZ 000000018000ff30 f   libcpmt:cout.obj
 0001:0000ef30       __acrt_uninitialize_command_line 000000018000ff30 f   libucrt:argv_data.obj
 0001:0000f020       __acrt_initialize          0000000180010020 f   libucrt:initialization.obj
 0001:0000f034       __acrt_thread_attach       0000000180010034 f   libucrt:initialization.obj
 0001:0000f048       __acrt_thread_detach       0000000180010048 f   libucrt:initialization.obj
 0001:0000f058       __acrt_uninitialize        0000000180010058 f   libucrt:initialization.obj
 0001:0000f06c       __acrt_uninitialize_critical 000000018001006c f   libucrt:initialization.obj
 0001:0000f07c       _initterm                  000000018001007c f   libucrt:initterm.obj
 0001:0000f0f4       _initterm_e                00000001800100f4 f   libucrt:initterm.obj
 0001:0000f140       terminate                  0000000180010140 f   libucrt:terminate.obj
 0001:0000f168       strcpy_s                   0000000180010168 f   libucrt:strcpy_s.obj
 0001:0000f1c8       ??$is_overflow_condition@K@__crt_strtox@@YA_NIK@Z 00000001800101c8 f i libucrt:atox.obj
 0001:0000f1f4       ??$make_c_string_character_source@_W$$T@__crt_strtox@@YA?AV?$c_string_character_source@_W@0@QEB_W$$T@Z 00000001800101f4 f i libucrt:atox.obj
 0001:0000f208       ??$parse_integer@KV?$c_string_character_source@_W@__crt_strtox@@@__crt_strtox@@YAKQEAU__crt_locale_pointers@@V?$c_string_character_source@_W@0@H_N@Z 0000000180010208 f i libucrt:atox.obj
 0001:0000f8dc       _wtol                      00000001800108dc f   libucrt:atox.obj
 0001:0000f908       ??$?RV<lambda_c36588078e9f5dfd39652860aa6b3aaf>@@AEAV<lambda_ec61778202f4f5fc7e7711acc23c3bca>@@V<lambda_dc9d2797ccde5d239b4a0efae8ebd7db>@@@?$__crt_seh_guarded_call@P6AXH@Z@@QEAAP6AXH@Z$$QEAV<lambda_c36588078e9f5dfd39652860aa6b3aaf>@@AEAV<lambda_ec61778202f4f5fc7e7711acc23c3bca>@@$$QEAV<lambda_dc9d2797ccde5d239b4a0efae8ebd7db>@@@Z 0000000180010908 f i libucrt:signal.obj
 0001:0000f950       __acrt_get_sigabrt_handler 0000000180010950 f   libucrt:signal.obj
 0001:0000f980       __acrt_initialize_signal_handlers 0000000180010980 f   libucrt:signal.obj
 0001:0000f9a0       raise                      00000001800109a0 f   libucrt:signal.obj
 0001:0000fc3c       ??$?RV<lambda_46352004c1216016012b18bd6f87e700>@@AEAV<lambda_3bd07e1a1191394380780325891bf33f>@@V<lambda_334532d3f185bcaa59b5be82d7d22bff>@@@?$__crt_seh_guarded_call@X@@QEAAX$$QEAV<lambda_46352004c1216016012b18bd6f87e700>@@AEAV<lambda_3bd07e1a1191394380780325891bf33f>@@$$QEAV<lambda_334532d3f185bcaa59b5be82d7d22bff>@@@Z 0000000180010c3c f i libucrt:per_thread_data.obj
 0001:0000fc9c       ??$?RV<lambda_5e887d1dcbef67a5eb4283622ba103bf>@@AEAV<lambda_4466841279450cc726390878d4a41900>@@V<lambda_341c25c0346d94847f1f3c463c57e077>@@@?$__crt_seh_guarded_call@X@@QEAAX$$QEAV<lambda_5e887d1dcbef67a5eb4283622ba103bf>@@AEAV<lambda_4466841279450cc726390878d4a41900>@@$$QEAV<lambda_341c25c0346d94847f1f3c463c57e077>@@@Z 0000000180010c9c f i libucrt:per_thread_data.obj
 0001:0000fce4       ??$?RV<lambda_72d1df2b273a38828b1ce30cbf4cdab5>@@AEAV<lambda_876a65b173b8412d3a47c70a915b0cf4>@@V<lambda_41932305e351933ebe8f8be3ed8bb5dc>@@@?$__crt_seh_guarded_call@X@@QEAAX$$QEAV<lambda_72d1df2b273a38828b1ce30cbf4cdab5>@@AEAV<lambda_876a65b173b8412d3a47c70a915b0cf4>@@$$QEAV<lambda_41932305e351933ebe8f8be3ed8bb5dc>@@@Z 0000000180010ce4 f i libucrt:per_thread_data.obj
 0001:0000fd24       ??$?RV<lambda_fb3a7dec4e47f37f22dae91bb15c9095>@@AEAV<lambda_698284760c8add0bfb0756c19673e34b>@@V<lambda_dfb8eca1e75fef3034a8fb18dd509707>@@@?$__crt_seh_guarded_call@X@@QEAAX$$QEAV<lambda_fb3a7dec4e47f37f22dae91bb15c9095>@@AEAV<lambda_698284760c8add0bfb0756c19673e34b>@@$$QEAV<lambda_dfb8eca1e75fef3034a8fb18dd509707>@@@Z 0000000180010d24 f i libucrt:per_thread_data.obj
 0001:0000ffb4       __acrt_freeptd             0000000180010fb4 f   libucrt:per_thread_data.obj
 0001:0000fff8       __acrt_getptd              0000000180010ff8 f   libucrt:per_thread_data.obj
 0001:0001008c       __acrt_getptd_noexit       000000018001108c f   libucrt:per_thread_data.obj
 0001:0001012c       __acrt_initialize_ptd      000000018001112c f   libucrt:per_thread_data.obj
 0001:00010168       __acrt_uninitialize_ptd    0000000180011168 f   libucrt:per_thread_data.obj
 0001:0001018c       __acrt_update_locale_info  000000018001118c f   libucrt:locale_update.obj
 0001:000101c0       __acrt_update_multibyte_info 00000001800111c0 f   libucrt:locale_update.obj
 0001:000101f4       ??$?RV<lambda_5df02c53a8f32f81fd64e5bbb78039f1>@@AEAV<lambda_2af78c5f5901b1372d98f9ab3177dfa6>@@AEAV<lambda_f51fe5fd7c79a33db34fc9310f277369>@@@?$__crt_seh_guarded_call@X@@QEAAX$$QEAV<lambda_5df02c53a8f32f81fd64e5bbb78039f1>@@AEAV<lambda_2af78c5f5901b1372d98f9ab3177dfa6>@@AEAV<lambda_f51fe5fd7c79a33db34fc9310f277369>@@@Z 00000001800111f4 f i libucrt:wsetlocale.obj
 0001:00010220       ??$?RV<lambda_d67e8342c384adda8f857579ab50b2ae>@@AEAV<lambda_30712929f77e709619002f448b6a9510>@@V<lambda_4525336fd7e478d965fb7ca7a337cad8>@@@?$__crt_seh_guarded_call@X@@QEAAX$$QEAV<lambda_d67e8342c384adda8f857579ab50b2ae>@@AEAV<lambda_30712929f77e709619002f448b6a9510>@@$$QEAV<lambda_4525336fd7e478d965fb7ca7a337cad8>@@@Z 0000000180011220 f i libucrt:wsetlocale.obj
 0001:000103ec       __acrt_copy_locale_name    00000001800113ec f   libucrt:wsetlocale.obj
 0001:00010470       __acrt_set_locale_changed  0000000180011470 f   libucrt:wsetlocale.obj
 0001:0001047c       __acrt_uninitialize_locale 000000018001147c f   libucrt:wsetlocale.obj
 0001:000104c4       __lc_lctowcs               00000001800114c4 f   libucrt:wsetlocale.obj
 0001:00010568       __lc_wcstolc               0000000180011568 f   libucrt:wsetlocale.obj
 0001:000107e0       _expandlocale              00000001800117e0 f   libucrt:wsetlocale.obj
 0001:00010bdc       _wcscats                   0000000180011bdc f   libucrt:wsetlocale.obj
 0001:00010c44       _wsetlocale                0000000180011c44 f   libucrt:wsetlocale.obj
 0001:000114d4       ??$?RV<lambda_630b2aca97f6d20d5b5ea6529ea6b6af>@@AEAV<lambda_af91936f1d075d609f72d9d8cba980af>@@V<lambda_e82fa975f615b5c7c7b0e4d178fdae67>@@@?$__crt_seh_guarded_call@H@@QEAAH$$QEAV<lambda_630b2aca97f6d20d5b5ea6529ea6b6af>@@AEAV<lambda_af91936f1d075d609f72d9d8cba980af>@@$$QEAV<lambda_e82fa975f615b5c7c7b0e4d178fdae67>@@@Z 00000001800124d4 f i libucrt:winapi_thunks.obj
 0001:0001170c       __acrt_EnumSystemLocalesEx 000000018001270c f   libucrt:winapi_thunks.obj
 0001:000117b4       __acrt_FlsAlloc            00000001800127b4 f   libucrt:winapi_thunks.obj
 0001:0001180c       __acrt_FlsFree             000000018001280c f   libucrt:winapi_thunks.obj
 0001:00011864       __acrt_FlsGetValue         0000000180012864 f   libucrt:winapi_thunks.obj
 0001:000118bc       __acrt_FlsSetValue         00000001800128bc f   libucrt:winapi_thunks.obj
 0001:00011924       __acrt_GetLocaleInfoEx     0000000180012924 f   libucrt:winapi_thunks.obj
 0001:000119bc       __acrt_GetUserDefaultLocaleName 00000001800129bc f   libucrt:winapi_thunks.obj
 0001:00011a30       __acrt_InitializeCriticalSectionEx 0000000180012a30 f   libucrt:winapi_thunks.obj
 0001:00011aa8       __acrt_IsValidLocaleName   0000000180012aa8 f   libucrt:winapi_thunks.obj
 0001:00011b10       __acrt_LCIDToLocaleName    0000000180012b10 f   libucrt:winapi_thunks.obj
 0001:00011b9c       __acrt_LCMapStringEx       0000000180012b9c f   libucrt:winapi_thunks.obj
 0001:00011c8c       __acrt_LocaleNameToLCID    0000000180012c8c f   libucrt:winapi_thunks.obj
 0001:00011cf4       __acrt_can_use_vista_locale_apis 0000000180012cf4 f   libucrt:winapi_thunks.obj
 0001:00011d24       __acrt_initialize_winapi_thunks 0000000180012d24 f   libucrt:winapi_thunks.obj
 0001:00011d5c       __acrt_is_packaged_app     0000000180012d5c f   libucrt:winapi_thunks.obj
 0001:00011de4       __acrt_uninitialize_winapi_thunks 0000000180012de4 f   libucrt:winapi_thunks.obj
 0001:00011e28       _fcloseall                 0000000180012e28 f   libucrt:closeall.obj
 0001:00011edc       __acrt_stdio_free_buffer_nolock 0000000180012edc f   libucrt:_freebuf.obj
 0001:00012104       __acrt_initialize_lowio    0000000180013104 f   libucrt:ioinit.obj
 0001:00012140       __acrt_uninitialize_lowio  0000000180013140 f   libucrt:ioinit.obj
 0001:00012180       ??$?RV<lambda_bfedae4ebbf01fab1bb6dcc6a9e276e0>@@AEAV<lambda_2fe9b910cf3cbf4a0ab98a02ba45b3ec>@@V<lambda_237c231691f317818eb88cc1d5d642d6>@@@?$__crt_seh_guarded_call@H@@QEAAH$$QEAV<lambda_bfedae4ebbf01fab1bb6dcc6a9e276e0>@@AEAV<lambda_2fe9b910cf3cbf4a0ab98a02ba45b3ec>@@$$QEAV<lambda_237c231691f317818eb88cc1d5d642d6>@@@Z 0000000180013180 f i libucrt:close.obj
 0001:000121f4       _close                     00000001800131f4 f   libucrt:close.obj
 0001:00012298       _close_nolock              0000000180013298 f   libucrt:close.obj
 0001:00012354       _fileno                    0000000180013354 f   libucrt:fileno.obj
 0001:0001237c       ?__acrt_stdio_free_stream@@YAXV__crt_stdio_stream@@@Z 000000018001337c f   libucrt:stream.obj
 0001:000123c0       ??$?RV<lambda_b521505b218e5242e90febf6bfebc422>@@AEAV<lambda_6978c1fb23f02e42e1d9e99668cc68aa>@@V<lambda_314360699dd331753a4119843814e9a7>@@@?$__crt_seh_guarded_call@H@@QEAAH$$QEAV<lambda_b521505b218e5242e90febf6bfebc422>@@AEAV<lambda_6978c1fb23f02e42e1d9e99668cc68aa>@@$$QEAV<lambda_314360699dd331753a4119843814e9a7>@@@Z 00000001800133c0 f i libucrt:commit.obj
 0001:0001244c       _commit                    000000018001344c f   libucrt:commit.obj
 0001:00012a80       _write                     0000000180013a80 f   libucrt:write.obj
 0001:00012b6c       _write_nolock              0000000180013b6c f   libucrt:write.obj
 0001:00012ff8       __acrt_stdio_refill_and_read_narrow_nolock 0000000180013ff8 f   libucrt:_filbuf.obj
 0001:000134bc       _ftelli64                  00000001800144bc f   libucrt:ftell.obj
 0001:000134c4       _ftelli64_nolock           00000001800144c4 f   libucrt:ftell.obj
 0001:000135d0       __acrt_stdio_flush_and_write_narrow_nolock 00000001800145d0 f   libucrt:_flsbuf.obj
 0001:00013844       _lseeki64                  0000000180014844 f   libucrt:lseek.obj
 0001:0001384c       _lseeki64_nolock           000000018001484c f   libucrt:lseek.obj
 0001:00013854       __acrt_stdio_begin_temporary_buffering_nolock 0000000180014854 f   libucrt:_sftbuf.obj
 0001:00013924       __acrt_stdio_end_temporary_buffering_nolock 0000000180014924 f   libucrt:_sftbuf.obj
 0001:00013960       __acrt_stdio_allocate_buffer_nolock 0000000180014960 f   libucrt:_getbuf.obj
 0001:00013ba0       _mbstowcs_s_l              0000000180014ba0 f   libucrt:mbstowcs.obj
 0001:00013cd0       mbstowcs_s                 0000000180014cd0 f   libucrt:mbstowcs.obj
 0001:00014024       _wcstombs_s_l              0000000180015024 f   libucrt:wcstombs.obj
 0001:00014110       _query_new_mode            0000000180015110 f   libucrt:new_mode.obj
 0001:00014118       __acrt_initialize_heap     0000000180015118 f   libucrt:heap_handle.obj
 0001:00014134       __acrt_uninitialize_heap   0000000180015134 f   libucrt:heap_handle.obj
 0001:00014140       _isctype_l                 0000000180015140 f   libucrt:isctype.obj
 0001:000143f0       __acrt_GetLocaleInfoA      00000001800153f0 f   libucrt:getlocaleinfoa.obj
 0001:000145b8       __acrt_GetStringTypeA      00000001800155b8 f   libucrt:getstringtypea.obj
 0001:00014ac8       __acrt_LCMapStringA        0000000180015ac8 f   libucrt:lcmapstringa.obj
 0001:00014b60       iswctype                   0000000180015b60 f   libucrt:iswctype.obj
 0001:00014bd0       _raise_exc                 0000000180015bd0 f   libucrt:fpexcept.obj
 0001:00014bf8       _raise_exc_ex              0000000180015bf8 f   libucrt:fpexcept.obj
 0001:00014f00       _raise_excf                0000000180015f00 f   libucrt:fpexcept.obj
 0001:00014f2c       _set_errno_from_matherr    0000000180015f2c f   libucrt:fpexcept.obj
 0001:00014f5c       _clrfp                     0000000180015f5c f   libucrt:fpctrl.obj
 0001:00014f7c       _ctrlfp                    0000000180015f7c f   libucrt:fpctrl.obj
 0001:00014ff8       _set_statfp                0000000180015ff8 f   libucrt:fpctrl.obj
 0001:00015018       _statfp                    0000000180016018 f   libucrt:fpctrl.obj
 0001:0001502c       _mbtowc_l                  000000018001602c f   libucrt:mbtowc.obj
 0001:00015174       mbtowc                     0000000180016174 f   libucrt:mbtowc.obj
 0001:00015180       __acrt_initialize_fma3     0000000180016180 f   libucrt:fma3_available.obj
 0001:000151f0       _pow_special               00000001800161f0 f   libucrt:pow_special.obj
 0001:00015314       _powf_special              0000000180016314 f   libucrt:pow_special.obj
 0001:000154a0       _wcsicmp                   00000001800164a0 f   libucrt:wcsicmp.obj
 0001:00015528       _wcsicmp_l                 0000000180016528 f   libucrt:wcsicmp.obj
 0001:00015618       __acrt_initialize_timeset  0000000180016618 f   libucrt:timeset.obj
 0001:00015648       _isleadbyte_l              0000000180016648 f i libucrt:_wctype.obj
 0001:00015b64       ?expand_if_necessary@?$argument_list@D@?A0xca0879c4@@AEAAHXZ 0000000180016b64 f i libucrt:argv_wildcards.obj
 0001:00015c2c       __acrt_expand_narrow_argv_wildcards 0000000180016c2c f   libucrt:argv_wildcards.obj
 0001:00015c34       ??$?RV<lambda_99476a1ad63dd22509b5d3e65b0ffc95>@@AEAV<lambda_ad1ced32f4ac17aa236e5ef05d6b3b7c>@@V<lambda_f7424dd8d45958661754dc4f2697e9c3>@@@?$__crt_seh_guarded_call@X@@QEAAX$$QEAV<lambda_99476a1ad63dd22509b5d3e65b0ffc95>@@AEAV<lambda_ad1ced32f4ac17aa236e5ef05d6b3b7c>@@$$QEAV<lambda_f7424dd8d45958661754dc4f2697e9c3>@@@Z 0000000180016c34 f i libucrt:mbctype.obj
 0001:00016330       __acrt_initialize_multibyte 0000000180017330 f   libucrt:mbctype.obj
 0001:00016358       __acrt_update_thread_multibyte_data 0000000180017358 f   libucrt:mbctype.obj
 0001:00016418       _setmbcp_nolock            0000000180017418 f   libucrt:mbctype.obj
 0001:000166c0       __acrt_initialize_command_line 00000001800176c0 f   libucrt:argv_data.obj
 0001:000166e8       __dcrt_get_narrow_environment_from_os 00000001800176e8 f   libucrt:get_environment_from_os.obj
 0001:000167ec       _recalloc                  00000001800177ec f   libucrt:recalloc.obj
 0001:000167f4       _recalloc_base             00000001800177f4 f   libucrt:recalloc.obj
 0001:0001688c       __acrt_execute_initializers 000000018001788c f   libucrt:shared_initialization.obj
 0001:00016920       __acrt_execute_uninitializers 0000000180017920 f   libucrt:shared_initialization.obj
 0001:00016970       __acrt_has_user_matherr    0000000180017970 f   libucrt:matherr.obj
 0001:00016990       __acrt_initialize_user_matherr 0000000180017990 f   libucrt:matherr.obj
 0001:00016998       __acrt_invoke_user_matherr 0000000180017998 f   libucrt:matherr.obj
 0001:000169e0       __acrt_add_locale_ref      00000001800179e0 f   libucrt:locale_refcounting.obj
 0001:00016a6c       __acrt_free_locale         0000000180017a6c f   libucrt:locale_refcounting.obj
 0001:00016be4       __acrt_locale_add_lc_time_reference 0000000180017be4 f   libucrt:locale_refcounting.obj
 0001:00016c0c       __acrt_locale_free_lc_time_if_unreferenced 0000000180017c0c f   libucrt:locale_refcounting.obj
 0001:00016c44       __acrt_locale_release_lc_time_reference 0000000180017c44 f   libucrt:locale_refcounting.obj
 0001:00016c6c       __acrt_release_locale_ref  0000000180017c6c f   libucrt:locale_refcounting.obj
 0001:00016d14       __acrt_update_thread_locale_data 0000000180017d14 f   libucrt:locale_refcounting.obj
 0001:00016d84       _updatetlocinfoEx_nolock   0000000180017d84 f   libucrt:locale_refcounting.obj
 0001:00016dec       __acrt_locale_free_monetary 0000000180017dec f   libucrt:initmon.obj
 0001:00016ef8       __acrt_locale_initialize_monetary 0000000180017ef8 f   libucrt:initmon.obj
 0001:00017430       __acrt_locale_free_numeric 0000000180018430 f   libucrt:initnum.obj
 0001:0001749c       __acrt_locale_initialize_numeric 000000018001849c f   libucrt:initnum.obj
 0001:00017b20       __acrt_locale_free_time    0000000180018b20 f   libucrt:inittime.obj
 0001:00017c28       __acrt_locale_initialize_time 0000000180018c28 f   libucrt:inittime.obj
 0001:00017cbc       wcscat_s                   0000000180018cbc f   libucrt:wcscat_s.obj
 0001:00017d3c       wcsncpy_s                  0000000180018d3c f   libucrt:wcsncpy_s.obj
 0001:00017e20       wcscspn                    0000000180018e20 f   libucrt:wcscspn.obj
 0001:00017e60       wcsncmp                    0000000180018e60 f   libucrt:wcsncmp.obj
 0001:00017e8c       wcspbrk                    0000000180018e8c f   libucrt:wcspbrk.obj
 0001:00018730       __acrt_get_qualified_locale 0000000180019730 f   libucrt:get_qualified_locale.obj
 0001:0001911c       __acrt_get_qualified_locale_downlevel 000000018001a11c f   libucrt:getqloc_downlevel.obj
 0001:00019474       __acrt_DownlevelLCIDToLocaleName 000000018001a474 f   libucrt:lcidtoname_downlevel.obj
 0001:00019558       __acrt_DownlevelLocaleNameToLCID 000000018001a558 f   libucrt:lcidtoname_downlevel.obj
 0001:0001958c       __acrt_lowio_create_handle_array 000000018001a58c f   libucrt:osfinfo.obj
 0001:00019624       __acrt_lowio_destroy_handle_array 000000018001a624 f   libucrt:osfinfo.obj
 0001:00019674       __acrt_lowio_ensure_fh_exists 000000018001a674 f   libucrt:osfinfo.obj
 0001:0001972c       __acrt_lowio_lock_fh       000000018001a72c f   libucrt:osfinfo.obj
 0001:00019750       __acrt_lowio_unlock_fh     000000018001a750 f   libucrt:osfinfo.obj
 0001:00019774       _free_osfhnd               000000018001a774 f   libucrt:osfinfo.obj
 0001:00019830       _get_osfhandle             000000018001a830 f   libucrt:osfinfo.obj
 0001:000198a8       _isatty                    000000018001a8a8 f   libucrt:isatty.obj
 0001:00019908       _putwch_nolock             000000018001a908 f   libucrt:putwch.obj
 0001:00019e94       _read                      000000018001ae94 f   libucrt:read.obj
 0001:00019fac       _read_nolock               000000018001afac f   libucrt:read.obj
 0001:0001a414       strncpy_s                  000000018001b414 f   libucrt:strncpy_s.obj
 0001:0001a500       _get_fpsr                  000000018001b500 f   libucrt:fpsr.obj
 0001:0001a510       _set_fpsr                  000000018001b510 f   libucrt:fpsr.obj
 0001:0001a51a       _fclrf                     000000018001b51a f   libucrt:fpsr.obj
 0001:0001a52e       _frnd                      000000018001b52e f   libucrt:fpsr.obj
 0001:0001a674       _handle_error              000000018001b674 f   libucrt:libm_error.obj
 0001:0001a79c       _handle_errorf             000000018001b79c f   libucrt:libm_error.obj
 0001:0001a8d0       _handle_nan                000000018001b8d0 f   libucrt:libm_error.obj
 0001:0001a8ec       _handle_nanf               000000018001b8ec f   libucrt:libm_error.obj
 0001:0001a8fc       _towlower_l                000000018001b8fc f   libucrt:towlower.obj
 0001:0001aa90       qsort                      000000018001ba90 f   libucrt:qsort.obj
 0001:0001adc4       strpbrk                    000000018001bdc4 f   libucrt:strpbrk.obj
 0001:0001ae64       _mbsdec                    000000018001be64 f   libucrt:mbsdec.obj
 0001:0001ae6c       _mbsdec_l                  000000018001be6c f   libucrt:mbsdec.obj
 0001:0001af1c       _msize                     000000018001bf1c f   libucrt:msize.obj
 0001:0001b080       _itow_s                    000000018001c080 f   libucrt:xtoa.obj
 0001:0001b0a0       _wcsnicmp                  000000018001c0a0 f   libucrt:wcsnicmp.obj
 0001:0001b13c       _wcsnicmp_l                000000018001c13c f   libucrt:wcsnicmp.obj
 0001:0001b254       wcscmp                     000000018001c254 f   libucrt:wcscmp.obj
 0001:0001b28c       _query_app_type            000000018001c28c f   libucrt:report_runtime_error.obj
 0001:0001b294       __dcrt_lowio_initialize_console_output 000000018001c294 f   libucrt:initcon.obj
 0001:0001b2d0       __dcrt_terminate_console_output 000000018001c2d0 f   libucrt:initcon.obj
 0001:0001b2f0       log10                      000000018001c2f0 f   libucrt:log10.obj
 0001:0001b89c       __acrt_LCMapStringW        000000018001c89c f   libucrt:lcmapstringw.obj
 0001:0001b930       _log10_special             000000018001c930 f   libucrt:log_special.obj
 0001:0001b9e6       IsProcessorFeaturePresent  000000018001c9e6 f   kernel32:KERNEL32.dll
 0001:0001b9ec       RtlUnwindEx                000000018001c9ec f   kernel32:KERNEL32.dll
 0001:0001b9f4       ?DloadAcquireSectionWriteAccess@@YAXXZ 000000018001c9f4 f i DelayImp:delayhlp.obj
 0001:0001bab0       ?DloadGetSRWLockFunctionPointers@@YAEXZ 000000018001cab0 f i DelayImp:delayhlp.obj
 0001:0001bb4c       ?DloadMakePermanentImageCommit@@YAXPEAX_K@Z 000000018001cb4c f i DelayImp:delayhlp.obj
 0001:0001bbe4       ?DloadObtainSection@@YAPEAXPEAK0@Z 000000018001cbe4 f i DelayImp:delayhlp.obj
 0001:0001bc7c       ?DloadProtectSection@@YAXKPEAK@Z 000000018001cc7c f i DelayImp:delayhlp.obj
 0001:0001bd0c       ?DloadReleaseSectionWriteAccess@@YAXXZ 000000018001cd0c f i DelayImp:delayhlp.obj
 0001:0001bdb0       __delayLoadHelper2         000000018001cdb0 f   DelayImp:delayhlp.obj
 0001:0001c0b0       _FindPESection             000000018001d0b0 f   LIBCMT:pesect.obj
 0001:0001c100       _IsNonwritableInCurrentImage 000000018001d100 f   LIBCMT:pesect.obj
 0001:0001c150       _ValidateImageBase         000000018001d150 f   LIBCMT:pesect.obj
 0001:0001c180       wcschr                     000000018001d180 f   libvcruntime:wcschr.obj
 0001:0001c230       _guard_dispatch_icall_nop  000000018001d230 f   LIBCMT:_guard_dispatch_.obj
 0001:0001c710       ??__F_Static@?1???$_Immortalize@V_Iostream_error_category@std@@@std@@YAAEAV_Iostream_error_category@0@XZ@YAXXZ 000000018001d710 f i main.obj
 0002:00000000       __imp_GetModuleHandleA     000000018001e000     kernel32:KERNEL32.dll
 0002:00000008       __imp_VirtualQuery         000000018001e008     kernel32:KERNEL32.dll
 0002:00000010       __imp_VirtualProtect       000000018001e010     kernel32:KERNEL32.dll
 0002:00000018       __imp_WideCharToMultiByte  000000018001e018     kernel32:KERNEL32.dll
 0002:00000020       __imp_EnterCriticalSection 000000018001e020     kernel32:KERNEL32.dll
 0002:00000028       __imp_LeaveCriticalSection 000000018001e028     kernel32:KERNEL32.dll
 0002:00000030       __imp_DeleteCriticalSection 000000018001e030     kernel32:KERNEL32.dll
 0002:00000038       __imp_EncodePointer        000000018001e038     kernel32:KERNEL32.dll
 0002:00000040       __imp_DecodePointer        000000018001e040     kernel32:KERNEL32.dll
 0002:00000048       __imp_MultiByteToWideChar  000000018001e048     kernel32:KERNEL32.dll
 0002:00000050       __imp_SetLastError         000000018001e050     kernel32:KERNEL32.dll
 0002:00000058       __imp_InitializeCriticalSectionAndSpinCount 000000018001e058     kernel32:KERNEL32.dll
 0002:00000060       __imp_CreateEventW         000000018001e060     kernel32:KERNEL32.dll
 0002:00000068       __imp_TlsAlloc             000000018001e068     kernel32:KERNEL32.dll
 0002:00000070       __imp_TlsGetValue          000000018001e070     kernel32:KERNEL32.dll
 0002:00000078       __imp_TlsSetValue          000000018001e078     kernel32:KERNEL32.dll
 0002:00000080       __imp_TlsFree              000000018001e080     kernel32:KERNEL32.dll
 0002:00000088       __imp_GetSystemTimeAsFileTime 000000018001e088     kernel32:KERNEL32.dll
 0002:00000090       __imp_GetModuleHandleW     000000018001e090     kernel32:KERNEL32.dll
 0002:00000098       __imp_GetProcAddress       000000018001e098     kernel32:KERNEL32.dll
 0002:000000a0       __imp_LCMapStringW         000000018001e0a0     kernel32:KERNEL32.dll
 0002:000000a8       __imp_GetLocaleInfoW       000000018001e0a8     kernel32:KERNEL32.dll
 0002:000000b0       __imp_GetStringTypeW       000000018001e0b0     kernel32:KERNEL32.dll
 0002:000000b8       __imp_GetCPInfo            000000018001e0b8     kernel32:KERNEL32.dll
 0002:000000c0       __imp_CloseHandle          000000018001e0c0     kernel32:KERNEL32.dll
 0002:000000c8       __imp_SetEvent             000000018001e0c8     kernel32:KERNEL32.dll
 0002:000000d0       __imp_ResetEvent           000000018001e0d0     kernel32:KERNEL32.dll
 0002:000000d8       __imp_WaitForSingleObjectEx 000000018001e0d8     kernel32:KERNEL32.dll
 0002:000000e0       __imp_RtlCaptureContext    000000018001e0e0     kernel32:KERNEL32.dll
 0002:000000e8       __imp_RtlLookupFunctionEntry 000000018001e0e8     kernel32:KERNEL32.dll
 0002:000000f0       __imp_RtlVirtualUnwind     000000018001e0f0     kernel32:KERNEL32.dll
 0002:000000f8       __imp_UnhandledExceptionFilter 000000018001e0f8     kernel32:KERNEL32.dll
 0002:00000100       __imp_SetUnhandledExceptionFilter 000000018001e100     kernel32:KERNEL32.dll
 0002:00000108       __imp_GetCurrentProcess    000000018001e108     kernel32:KERNEL32.dll
 0002:00000110       __imp_TerminateProcess     000000018001e110     kernel32:KERNEL32.dll
 0002:00000118       __imp_IsProcessorFeaturePresent 000000018001e118     kernel32:KERNEL32.dll
 0002:00000120       __imp_IsDebuggerPresent    000000018001e120     kernel32:KERNEL32.dll
 0002:00000128       __imp_GetStartupInfoW      000000018001e128     kernel32:KERNEL32.dll
 0002:00000130       __imp_QueryPerformanceCounter 000000018001e130     kernel32:KERNEL32.dll
 0002:00000138       __imp_GetCurrentProcessId  000000018001e138     kernel32:KERNEL32.dll
 0002:00000140       __imp_GetCurrentThreadId   000000018001e140     kernel32:KERNEL32.dll
 0002:00000148       __imp_InitializeSListHead  000000018001e148     kernel32:KERNEL32.dll
 0002:00000150       __imp_RtlPcToFileHeader    000000018001e150     kernel32:KERNEL32.dll
 0002:00000158       __imp_RaiseException       000000018001e158     kernel32:KERNEL32.dll
 0002:00000160       __imp_RtlUnwindEx          000000018001e160     kernel32:KERNEL32.dll
 0002:00000168       __imp_GetLastError         000000018001e168     kernel32:KERNEL32.dll
 0002:00000170       __imp_FreeLibrary          000000018001e170     kernel32:KERNEL32.dll
 0002:00000178       __imp_LoadLibraryExW       000000018001e178     kernel32:KERNEL32.dll
 0002:00000180       __imp_InterlockedFlushSList 000000018001e180     kernel32:KERNEL32.dll
 0002:00000188       __imp_HeapAlloc            000000018001e188     kernel32:KERNEL32.dll
 0002:00000190       __imp_HeapReAlloc          000000018001e190     kernel32:KERNEL32.dll
 0002:00000198       __imp_HeapFree             000000018001e198     kernel32:KERNEL32.dll
 0002:000001a0       __imp_ExitProcess          000000018001e1a0     kernel32:KERNEL32.dll
 0002:000001a8       __imp_GetModuleHandleExW   000000018001e1a8     kernel32:KERNEL32.dll
 0002:000001b0       __imp_GetModuleFileNameA   000000018001e1b0     kernel32:KERNEL32.dll
 0002:000001b8       __imp_GetACP               000000018001e1b8     kernel32:KERNEL32.dll
 0002:000001c0       __imp_IsValidLocale        000000018001e1c0     kernel32:KERNEL32.dll
 0002:000001c8       __imp_GetUserDefaultLCID   000000018001e1c8     kernel32:KERNEL32.dll
 0002:000001d0       __imp_EnumSystemLocalesW   000000018001e1d0     kernel32:KERNEL32.dll
 0002:000001d8       __imp_GetStdHandle         000000018001e1d8     kernel32:KERNEL32.dll
 0002:000001e0       __imp_GetFileType          000000018001e1e0     kernel32:KERNEL32.dll
 0002:000001e8       __imp_FlushFileBuffers     000000018001e1e8     kernel32:KERNEL32.dll
 0002:000001f0       __imp_WriteFile            000000018001e1f0     kernel32:KERNEL32.dll
 0002:000001f8       __imp_GetConsoleCP         000000018001e1f8     kernel32:KERNEL32.dll
 0002:00000200       __imp_GetConsoleMode       000000018001e200     kernel32:KERNEL32.dll
 0002:00000208       __imp_ReadFile             000000018001e208     kernel32:KERNEL32.dll
 0002:00000210       __imp_SetFilePointerEx     000000018001e210     kernel32:KERNEL32.dll
 0002:00000218       __imp_GetProcessHeap       000000018001e218     kernel32:KERNEL32.dll
 0002:00000220       __imp_FindClose            000000018001e220     kernel32:KERNEL32.dll
 0002:00000228       __imp_FindFirstFileExA     000000018001e228     kernel32:KERNEL32.dll
 0002:00000230       __imp_FindNextFileA        000000018001e230     kernel32:KERNEL32.dll
 0002:00000238       __imp_IsValidCodePage      000000018001e238     kernel32:KERNEL32.dll
 0002:00000240       __imp_GetOEMCP             000000018001e240     kernel32:KERNEL32.dll
 0002:00000248       __imp_GetCommandLineA      000000018001e248     kernel32:KERNEL32.dll
 0002:00000250       __imp_GetCommandLineW      000000018001e250     kernel32:KERNEL32.dll
 0002:00000258       __imp_GetEnvironmentStringsW 000000018001e258     kernel32:KERNEL32.dll
 0002:00000260       __imp_FreeEnvironmentStringsW 000000018001e260     kernel32:KERNEL32.dll
 0002:00000268       __imp_SetStdHandle         000000018001e268     kernel32:KERNEL32.dll
 0002:00000270       __imp_WriteConsoleW        000000018001e270     kernel32:KERNEL32.dll
 0002:00000278       __imp_ReadConsoleW         000000018001e278     kernel32:KERNEL32.dll
 0002:00000280       __imp_HeapSize             000000018001e280     kernel32:KERNEL32.dll
 0002:00000288       __imp_CreateFileW          000000018001e288     kernel32:KERNEL32.dll
 0002:00000290       __imp_GetSystemInfo        000000018001e290     kernel32:KERNEL32.dll
 0002:00000298       __imp_LoadLibraryExA       000000018001e298     kernel32:KERNEL32.dll
 0002:000002a0       \177KERNEL32_NULL_THUNK_DATA 000000018001e2a0     kernel32:KERNEL32.dll
 0002:000002a8       __imp_MessageBoxA          000000018001e2a8     user32:USER32.dll
 0002:000002b0       \177USER32_NULL_THUNK_DATA 000000018001e2b0     user32:USER32.dll
 0002:000002b8       __guard_check_icall_fptr   000000018001e2b8     LIBCMT:guard_support.obj
 0002:000002c0       __guard_dispatch_icall_fptr 000000018001e2c0     LIBCMT:guard_support.obj
 0002:000002c8       __xc_a                     000000018001e2c8     LIBCMT:initializers.obj
 0002:00000318       _register_addon_           000000018001e318     main.obj
 0002:00000320       __xc_z                     000000018001e320     LIBCMT:initializers.obj
 0002:00000328       __xi_a                     000000018001e328     LIBCMT:initializers.obj
 0002:00000340       __acrt_stdio_initializer   000000018001e340     libucrt:stdio_initializer.obj
 0002:00000348       __acrt_tran_fma3_initializer 000000018001e348     libucrt:fma3_initializer.obj
 0002:00000350       __acrt_timeset_initializer 000000018001e350     libucrt:timeset_initializer.obj
 0002:00000358       __acrt_multibyte_initializer 000000018001e358     libucrt:multibyte_initializer.obj
 0002:00000360       __xi_z                     000000018001e360     LIBCMT:initializers.obj
 0002:00000368       __xl_a                     000000018001e368     LIBCMT:tlssup.obj
 0002:00000370       __xl_z                     000000018001e370     LIBCMT:tlssup.obj
 0002:00000378       __xp_a                     000000018001e378     LIBCMT:initializers.obj
 0002:00000380       __acrt_locale_terminator   000000018001e380     libucrt:locale_initializer.obj
 0002:00000388       __dcrt_console_output_terminator 000000018001e388     libucrt:console_output_initializer.obj
 0002:00000390       __acrt_stdio_terminator    000000018001e390     libucrt:stdio_initializer.obj
 0002:00000398       __xp_z                     000000018001e398     LIBCMT:initializers.obj
[...]
 0004:000018fc       $pdata$4$qsort             00000001800368fc     libucrt:qsort.obj
 0004:00001908       $pdata$5$qsort             0000000180036908     libucrt:qsort.obj
 0004:00001914       $pdata$strpbrk             0000000180036914     libucrt:strpbrk.obj
 0004:00001920       $pdata$_mbsdec_l           0000000180036920     libucrt:mbsdec.obj
 0004:0000192c       $pdata$?initialize_multibyte@@YAHXZ 000000018003692c     libucrt:multibyte_initializer.obj
 0004:00001938       $pdata$_msize              0000000180036938     libucrt:msize.obj
 0004:00001944       $pdata$??$common_xtox@K_W@@YAHKQEA_W_KI_N@Z 0000000180036944     libucrt:xtoa.obj
 0004:00001950       $pdata$??$common_xtox_s@K_W@@YAHKQEA_W_KI_N@Z 0000000180036950     libucrt:xtoa.obj
 0004:0000195c       $pdata$_itow_s             000000018003695c     libucrt:xtoa.obj
 0004:00001968       $pdata$_wcsnicmp           0000000180036968     libucrt:wcsnicmp.obj
 0004:00001974       $pdata$_wcsnicmp_l         0000000180036974     libucrt:wcsnicmp.obj
 0004:00001980       $pdata$__dcrt_lowio_initialize_console_output 0000000180036980     libucrt:initcon.obj
 0004:0000198c       $pdata$__dcrt_terminate_console_output 000000018003698c     libucrt:initcon.obj
 0004:000019a4       $pdata$__acrt_LCMapStringW 00000001800369a4     libucrt:lcmapstringw.obj
 0004:000019b0       $pdata$_log10_special      00000001800369b0     libucrt:log_special.obj
 0004:000019bc       $pdata$_log_special_common 00000001800369bc     libucrt:log_special.obj
 0004:000019c8       $pdata$?DloadAcquireSectionWriteAccess@@YAXXZ 00000001800369c8     DelayImp:delayhlp.obj
 0004:000019d4       $pdata$?DloadGetSRWLockFunctionPointers@@YAEXZ 00000001800369d4     DelayImp:delayhlp.obj
 0004:000019e0       $pdata$?DloadMakePermanentImageCommit@@YAXPEAX_K@Z 00000001800369e0     DelayImp:delayhlp.obj
 0004:000019ec       $pdata$?DloadObtainSection@@YAPEAXPEAK0@Z 00000001800369ec     DelayImp:delayhlp.obj
 0004:000019f8       $pdata$?DloadProtectSection@@YAXKPEAK@Z 00000001800369f8     DelayImp:delayhlp.obj
 0004:00001a04       $pdata$?DloadReleaseSectionWriteAccess@@YAXXZ 0000000180036a04     DelayImp:delayhlp.obj
 0004:00001a10       $pdata$__delayLoadHelper2  0000000180036a10     DelayImp:delayhlp.obj
 0004:00001a1c       $pdata$_IsNonwritableInCurrentImage 0000000180036a1c     LIBCMT:pesect.obj
 0004:00001a28       $pdata$wcschr              0000000180036a28     libvcruntime:wcschr.obj
 0004:00001a40       $pdata$?dtor$0@?0???0?$basic_ostream@DU?$char_traits@D@std@@@std@@QEAA@PEAV?$basic_streambuf@DU?$char_traits@D@std@@@1@_N@Z@4HA 0000000180036a40     libcpmt:cout.obj
 0004:00001a4c       $pdata$?dtor$0@?0??_Getcat@?$codecvt@DDU_Mbstatet@@@std@@SA_KPEAPEBVfacet@locale@2@PEBV42@@Z@4HA 0000000180036a4c     libcpmt:cout.obj
 0004:00001a58       $pdata$__scrt_is_nonwritable_in_current_image$filt$0 0000000180036a58     LIBCMT:utility.obj
 0004:00001a64       $pdata$?fin$0@?0??dllmain_crt_process_attach@@YAHQEAUHINSTANCE__@@QEAX@Z@4HA 0000000180036a64     LIBCMT:dll_dllmain.obj
 0004:00001a70       $pdata$?fin$0@?0??dllmain_crt_process_detach@@YAH_N@Z@4HA 0000000180036a70     LIBCMT:dll_dllmain.obj
 0004:00001a7c       $pdata$?filt$0@?0??dllmain_dispatch@@YAHQEAUHINSTANCE__@@KQEAX@Z@4HA 0000000180036a7c     LIBCMT:dll_dllmain.obj
 0004:00001a88       $pdata$__CxxCallCatchBlock$filt$0 0000000180036a88     libvcruntime:frame.obj
 0004:00001a94       $pdata$__CxxCallCatchBlock$fin$1 0000000180036a94     libvcruntime:frame.obj
 0004:00001aa0       $pdata$__DestructExceptionObject$filt$0 0000000180036aa0     libvcruntime:frame.obj
 0004:00001aac       $pdata$__FrameUnwindToState$filt$0 0000000180036aac     libvcruntime:frame.obj
 0004:00001ab8       $pdata$__FrameUnwindToState$fin$1 0000000180036ab8     libvcruntime:frame.obj
 0004:00001ac4       $pdata$_CallSETranslator$filt$0 0000000180036ac4     libvcruntime:trnsctrl.obj
 0004:00001ad0       $pdata$fflush$fin$0        0000000180036ad0     libucrt:fflush.obj
 0004:00001ad0       $pdata$fclose$fin$0        0000000180036ad0     libucrt:fclose.obj
 0004:00001adc       $pdata$common_flush_all$fin$0 0000000180036adc     libucrt:fflush.obj
 0004:00001ae8       $pdata$common_flush_all$fin$1 0000000180036ae8     libucrt:fflush.obj
 0004:00001af4       $pdata$fgetc$fin$0         0000000180036af4     libucrt:fgetc.obj
 0004:00001b00       $pdata$fputc$fin$0         0000000180036b00     libucrt:fputc.obj
 0004:00001b0c       $pdata$?fin$0@?0???$common_ftell@_J@@YA_JV__crt_stdio_stream@@@Z@4HA 0000000180036b0c     libucrt:ftell.obj
 0004:00001b0c       $pdata$?fin$0@?0??common_fseek@@YAHV__crt_stdio_stream@@_JH@Z@4HA 0000000180036b0c     libucrt:fseek.obj
 0004:00001b18       $pdata$?fin$0@?0???$?RV<lambda_7a5ef57ff966f610505f1d28a3d40618>@@AEAV<lambda_b721fa326cdb32351d23dfa67958c160>@@V<lambda_5e0fb27672408a07956fe59e48ccb2aa>@@@?$__crt_seh_guarded_call@H@@QEAAH$$QEAV<lambda_7a5ef57ff966f610505f1d28a3d40618>@@AEAV<lambda_b721fa326cdb32351d23dfa67958c160>@@$$QEAV<lambda_5e0fb27672408a07956fe59e48ccb2aa>@@@Z@4HA 0000000180036b18     libucrt:setvbuf.obj
 0004:00001b18       $pdata$?fin$0@?0???$?RV<lambda_5d4c3fee44080f75d5d9762853974fe0>@@AEAV<lambda_532e024f4337e6fc7ad266c2bef9f4ed>@@V<lambda_c87bdc10097eb2402edb8ba9bdf0697b>@@@?$__crt_seh_guarded_call@_K@@QEAA_K$$QEAV<lambda_5d4c3fee44080f75d5d9762853974fe0>@@AEAV<lambda_532e024f4337e6fc7ad266c2bef9f4ed>@@$$QEAV<lambda_c87bdc10097eb2402edb8ba9bdf0697b>@@@Z@4HA 0000000180036b18     libucrt:fwrite.obj
 0004:00001b24       $pdata$ungetc$fin$0        0000000180036b24     libucrt:ungetc.obj
 0004:00001b30       $pdata$setlocale$fin$0     0000000180036b30     libucrt:setlocale.obj
 0004:00001b3c       $pdata$_query_new_handler$fin$0 0000000180036b3c     libucrt:new_handler.obj
 0004:00001b48       $pdata$?filt$0@?0??common_exit@@YAXHW4_crt_exit_cleanup_mode@@W4_crt_exit_return_mode@@@Z@4HA 0000000180036b48     libucrt:exit.obj
 0004:00001b54       $pdata$?fin$1@?0??common_exit@@YAXHW4_crt_exit_cleanup_mode@@W4_crt_exit_return_mode@@@Z@4HA 0000000180036b54     libucrt:exit.obj
 0004:00001b60       $pdata$?fin$0@?0???$?RV<lambda_e24bbb7b643b32fcea6fa61b31d4c984>@@AEAV<lambda_275893d493268fdec8709772e3fcec0e>@@V<lambda_9d71df4d7cf3f480f8d633942495c3b0>@@@?$__crt_seh_guarded_call@H@@QEAAH$$QEAV<lambda_e24bbb7b643b32fcea6fa61b31d4c984>@@AEAV<lambda_275893d493268fdec8709772e3fcec0e>@@$$QEAV<lambda_9d71df4d7cf3f480f8d633942495c3b0>@@@Z@4HA 0000000180036b60     libucrt:onexit.obj
 0004:00001b6c       $pdata$raise$fin$0         0000000180036b6c     libucrt:signal.obj
 0004:00001b78       $pdata$?fin$0@?0???$?RV<lambda_c36588078e9f5dfd39652860aa6b3aaf>@@AEAV<lambda_ec61778202f4f5fc7e7711acc23c3bca>@@V<lambda_dc9d2797ccde5d239b4a0efae8ebd7db>@@@?$__crt_seh_guarded_call@P6AXH@Z@@QEAAP6AXH@Z$$QEAV<lambda_c36588078e9f5dfd39652860aa6b3aaf>@@AEAV<lambda_ec61778202f4f5fc7e7711acc23c3bca>@@$$QEAV<lambda_dc9d2797ccde5d239b4a0efae8ebd7db>@@@Z@4HA 0000000180036b78     libucrt:signal.obj
 0004:00001b78       $pdata$?fin$0@?0???$?RV<lambda_fb3a7dec4e47f37f22dae91bb15c9095>@@AEAV<lambda_698284760c8add0bfb0756c19673e34b>@@V<lambda_dfb8eca1e75fef3034a8fb18dd509707>@@@?$__crt_seh_guarded_call@X@@QEAAX$$QEAV<lambda_fb3a7dec4e47f37f22dae91bb15c9095>@@AEAV<lambda_698284760c8add0bfb0756c19673e34b>@@$$QEAV<lambda_dfb8eca1e75fef3034a8fb18dd509707>@@@Z@4HA 0000000180036b78     libucrt:per_thread_data.obj
 0004:00001b78       $pdata$?fin$0@?0???$?RV<lambda_d67e8342c384adda8f857579ab50b2ae>@@AEAV<lambda_30712929f77e709619002f448b6a9510>@@V<lambda_4525336fd7e478d965fb7ca7a337cad8>@@@?$__crt_seh_guarded_call@X@@QEAAX$$QEAV<lambda_d67e8342c384adda8f857579ab50b2ae>@@AEAV<lambda_30712929f77e709619002f448b6a9510>@@$$QEAV<lambda_4525336fd7e478d965fb7ca7a337cad8>@@@Z@4HA 0000000180036b78     libucrt:wsetlocale.obj
 0004:00001b78       $pdata$?fin$0@?0???$?RV<lambda_72d1df2b273a38828b1ce30cbf4cdab5>@@AEAV<lambda_876a65b173b8412d3a47c70a915b0cf4>@@V<lambda_41932305e351933ebe8f8be3ed8bb5dc>@@@?$__crt_seh_guarded_call@X@@QEAAX$$QEAV<lambda_72d1df2b273a38828b1ce30cbf4cdab5>@@AEAV<lambda_876a65b173b8412d3a47c70a915b0cf4>@@$$QEAV<lambda_41932305e351933ebe8f8be3ed8bb5dc>@@@Z@4HA 0000000180036b78     libucrt:per_thread_data.obj
 0004:00001b78       $pdata$?fin$0@?0???$?RV<lambda_99476a1ad63dd22509b5d3e65b0ffc95>@@AEAV<lambda_ad1ced32f4ac17aa236e5ef05d6b3b7c>@@V<lambda_f7424dd8d45958661754dc4f2697e9c3>@@@?$__crt_seh_guarded_call@X@@QEAAX$$QEAV<lambda_99476a1ad63dd22509b5d3e65b0ffc95>@@AEAV<lambda_ad1ced32f4ac17aa236e5ef05d6b3b7c>@@$$QEAV<lambda_f7424dd8d45958661754dc4f2697e9c3>@@@Z@4HA 0000000180036b78     libucrt:mbctype.obj
 0004:00001b78       $pdata$?fin$0@?0???$?RV<lambda_630b2aca97f6d20d5b5ea6529ea6b6af>@@AEAV<lambda_af91936f1d075d609f72d9d8cba980af>@@V<lambda_e82fa975f615b5c7c7b0e4d178fdae67>@@@?$__crt_seh_guarded_call@H@@QEAAH$$QEAV<lambda_630b2aca97f6d20d5b5ea6529ea6b6af>@@AEAV<lambda_af91936f1d075d609f72d9d8cba980af>@@$$QEAV<lambda_e82fa975f615b5c7c7b0e4d178fdae67>@@@Z@4HA 0000000180036b78     libucrt:winapi_thunks.obj
 0004:00001b78       $pdata$?fin$0@?0???$?RV<lambda_5e887d1dcbef67a5eb4283622ba103bf>@@AEAV<lambda_4466841279450cc726390878d4a41900>@@V<lambda_341c25c0346d94847f1f3c463c57e077>@@@?$__crt_seh_guarded_call@X@@QEAAX$$QEAV<lambda_5e887d1dcbef67a5eb4283622ba103bf>@@AEAV<lambda_4466841279450cc726390878d4a41900>@@$$QEAV<lambda_341c25c0346d94847f1f3c463c57e077>@@@Z@4HA 0000000180036b78     libucrt:per_thread_data.obj
 0004:00001b78       $pdata$?fin$0@?0???$?RV<lambda_46352004c1216016012b18bd6f87e700>@@AEAV<lambda_3bd07e1a1191394380780325891bf33f>@@V<lambda_334532d3f185bcaa59b5be82d7d22bff>@@@?$__crt_seh_guarded_call@X@@QEAAX$$QEAV<lambda_46352004c1216016012b18bd6f87e700>@@AEAV<lambda_3bd07e1a1191394380780325891bf33f>@@$$QEAV<lambda_334532d3f185bcaa59b5be82d7d22bff>@@@Z@4HA 0000000180036b78     libucrt:per_thread_data.obj
 0004:00001b78       $pdata$?fin$0@?0???$?RV<lambda_b8c45f8f788dd370798f47cfe8ac3a86>@@AEAV<lambda_4e60a939b0d047cfe11ddc22648dfba9>@@V<lambda_332c3edc96d0294ec56c57d38c1cdfd5>@@@?$__crt_seh_guarded_call@H@@QEAAH$$QEAV<lambda_b8c45f8f788dd370798f47cfe8ac3a86>@@AEAV<lambda_4e60a939b0d047cfe11ddc22648dfba9>@@$$QEAV<lambda_332c3edc96d0294ec56c57d38c1cdfd5>@@@Z@4HA 0000000180036b78     libucrt:onexit.obj
 0004:00001b84       $pdata$?fin$0@?0???$?RV<lambda_5df02c53a8f32f81fd64e5bbb78039f1>@@AEAV<lambda_2af78c5f5901b1372d98f9ab3177dfa6>@@AEAV<lambda_f51fe5fd7c79a33db34fc9310f277369>@@@?$__crt_seh_guarded_call@X@@QEAAX$$QEAV<lambda_5df02c53a8f32f81fd64e5bbb78039f1>@@AEAV<lambda_2af78c5f5901b1372d98f9ab3177dfa6>@@AEAV<lambda_f51fe5fd7c79a33db34fc9310f277369>@@@Z@4HA 0000000180036b84     libucrt:wsetlocale.obj
 0004:00001b90       $pdata$__acrt_update_thread_locale_data$fin$0 0000000180036b90     libucrt:locale_refcounting.obj
 0004:00001b90       $pdata$__acrt_uninitialize_locale$fin$0 0000000180036b90     libucrt:wsetlocale.obj
 0004:00001b9c       $pdata$_fcloseall$fin$0    0000000180036b9c     libucrt:closeall.obj
 0004:00001ba8       $pdata$?fin$0@?0???$?RV<lambda_bfedae4ebbf01fab1bb6dcc6a9e276e0>@@AEAV<lambda_2fe9b910cf3cbf4a0ab98a02ba45b3ec>@@V<lambda_237c231691f317818eb88cc1d5d642d6>@@@?$__crt_seh_guarded_call@H@@QEAAH$$QEAV<lambda_bfedae4ebbf01fab1bb6dcc6a9e276e0>@@AEAV<lambda_2fe9b910cf3cbf4a0ab98a02ba45b3ec>@@$$QEAV<lambda_237c231691f317818eb88cc1d5d642d6>@@@Z@4HA 0000000180036ba8     libucrt:close.obj
 0004:00001ba8       $pdata$?fin$0@?0???$?RV<lambda_b521505b218e5242e90febf6bfebc422>@@AEAV<lambda_6978c1fb23f02e42e1d9e99668cc68aa>@@V<lambda_314360699dd331753a4119843814e9a7>@@@?$__crt_seh_guarded_call@H@@QEAAH$$QEAV<lambda_b521505b218e5242e90febf6bfebc422>@@AEAV<lambda_6978c1fb23f02e42e1d9e99668cc68aa>@@$$QEAV<lambda_314360699dd331753a4119843814e9a7>@@@Z@4HA 0000000180036ba8     libucrt:commit.obj
 0004:00001bb4       $pdata$_write$fin$0        0000000180036bb4     libucrt:write.obj
 0004:00001bb4       $pdata$_read$fin$0         0000000180036bb4     libucrt:read.obj
 0004:00001bb4       $pdata$?fin$0@?0???$common_lseek@_J@@YA_JH_JH@Z@4HA 0000000180036bb4     libucrt:lseek.obj
 0004:00001bc0       $pdata$_ctrlfp$filt$0      0000000180036bc0     libucrt:fpctrl.obj
 0004:00001bcc       $pdata$__acrt_update_thread_multibyte_data$fin$0 0000000180036bcc     libucrt:mbctype.obj
 0004:00001bd8       $pdata$__acrt_initialize_lowio$fin$0 0000000180036bd8     libucrt:ioinit.obj
 0004:00001bd8       $pdata$__acrt_lowio_ensure_fh_exists$fin$0 0000000180036bd8     libucrt:osfinfo.obj
 0004:00001be4       $pdata$_IsNonwritableInCurrentImage$filt$0 0000000180036be4     LIBCMT:pesect.obj
 0004:00001bf0       $pdata$??__Fcout@std@@YAXXZ 0000000180036bf0     libcpmt:cout.obj
 0004:00001bfc       $pdata$??__F_Fac_tidy_reg@std@@YAXXZ 0000000180036bfc     libcpmt:locale0.obj
 0004:00001c08       $pdata$??__Fclassic_locale@std@@YAXXZ 0000000180036c08     libcpmt:locale0.obj
 0004:00001c14       $pdata$??__Finit_atexit@@YAXXZ 0000000180036c14     libcpmt:iosptrs.obj
 0005:00000000       __guard_fids__             0000000180037000     libucrt:initialization.obj
 0005:00000060       __guard_fids___acrt_initialize_ptd 0000000180037060     libucrt:per_thread_data.obj
 0005:00000064       __guard_fids__             0000000180037064     libucrt:wsetlocale.obj
 0005:0000007c       __guard_fids_??$?RV<lambda_630b2aca97f6d20d5b5ea6529ea6b6af>@@AEAV<lambda_af91936f1d075d609f72d9d8cba980af>@@V<lambda_e82fa975f615b5c7c7b0e4d178fdae67>@@@?$__crt_seh_guarded_call@H@@QEAAH$$QEAV<lambda_630b2aca97f6d20d5b5ea6529ea6b6af>@@AEAV<lambda_af91936f1d075d609f72d9d8cba980af>@@$$QEAV<lambda_e82fa975f615b5c7c7b0e4d178fdae67>@@@Z 000000018003707c     libucrt:winapi_thunks.obj
 0005:00000080       __guard_fids__             0000000180037080     libucrt:stdio_initializer.obj
 0005:00000084       __guard_fids__             0000000180037084     libucrt:stdio_initializer.obj
 0005:00000088       __guard_fids_??$expand_argument_wildcards@D@@YAHQEAD0AEAV?$argument_list@D@?A0xca0879c4@@@Z 0000000180037088     libucrt:argv_wildcards.obj
 0005:0000008c       __guard_fids__             000000018003708c     libucrt:locale_initializer.obj
 0005:00000090       __guard_fids_GetLocaleNameFromLangCountry 0000000180037090     libucrt:get_qualified_locale.obj
 0005:00000094       __guard_fids_GetLocaleNameFromLanguage 0000000180037094     libucrt:get_qualified_locale.obj
 0005:00000098       __guard_fids___acrt_get_qualified_locale_downlevel 0000000180037098     libucrt:getqloc_downlevel.obj
 0005:0000009c       __guard_fids_GetLcidFromLangCountry 000000018003709c     libucrt:getqloc_downlevel.obj
 0005:000000a0       __guard_fids_GetLcidFromLanguage 00000001800370a0     libucrt:getqloc_downlevel.obj
 0005:000000a4       __guard_fids__             00000001800370a4     libucrt:fma3_initializer.obj
 0005:000000a8       __guard_fids__             00000001800370a8     libucrt:timeset_initializer.obj
 0005:000000ac       __guard_fids__             00000001800370ac     libucrt:multibyte_initializer.obj
 0005:000000b0       __guard_fids__             00000001800370b0     libucrt:console_output_initializer.obj
 0005:000000b4       __guard_fids_??__Einitlocks@std@@YAXXZ 00000001800370b4     libcpmt:xlock.obj
 0005:000000b8       __guard_fids__             00000001800370b8     libcpmt:xlock.obj
 0005:000000bc       __guard_fids_??__Einitlocks@@YAXXZ 00000001800370bc     libcpmt:cout.obj
 0005:000000c0       __guard_fids_??__Efout@std@@YAXXZ 00000001800370c0     libcpmt:cout.obj
 0005:000000c4       __guard_fids_??__Ecout@std@@YAXXZ 00000001800370c4     libcpmt:cout.obj
 0005:000000c8       __guard_fids__             00000001800370c8     libcpmt:cout.obj
 0005:000000d0       __guard_fids__             00000001800370d0     libcpmt:cout.obj
 0005:000000d8       __guard_fids__             00000001800370d8     libcpmt:cout.obj
 0005:000000e0       __guard_fids__             00000001800370e0     libcpmt:cout.obj
 0005:000000ec       __guard_fids__             00000001800370ec     libcpmt:cout.obj
 0005:00000118       __guard_fids__             0000000180037118     libcpmt:cout.obj
 0005:00000130       __guard_fids__             0000000180037130     libcpmt:cout.obj
 0005:00000138       __guard_fids__             0000000180037138     libcpmt:cout.obj
 0005:00000150       __guard_fids__             0000000180037150     libcpmt:cout.obj
 0005:00000158       __guard_fids__             0000000180037158     libcpmt:cout.obj
 0005:0000015c       __guard_fids__             000000018003715c     libcpmt:cout.obj
 0005:00000198       __guard_fids__             0000000180037198     libcpmt:cout.obj
 0005:000001d4       __guard_fids__             00000001800371d4     libcpmt:cout.obj
 0005:000001d8       __guard_fids__             00000001800371d8     libcpmt:cout.obj
 0005:000001dc       __guard_fids__             00000001800371dc     libcpmt:cout.obj
 0005:00000204       __guard_fids__             0000000180037204     libcpmt:cout.obj
 0005:00000208       __guard_fids__             0000000180037208     libcpmt:cout.obj
 0005:0000020c       __guard_fids__             000000018003720c     libcpmt:cout.obj
 0005:00000210       __guard_fids__             0000000180037210     libcpmt:cout.obj
 0005:00000214       __guard_fids_??__E_Fac_tidy_reg@std@@YAXXZ 0000000180037214     libcpmt:locale0.obj
 0005:00000218       __guard_fids_?_Setgloballocale@locale@std@@CAXPEAX@Z 0000000180037218     libcpmt:locale0.obj
 0005:0000021c       __guard_fids_??__Eclassic_locale@std@@YAXXZ 000000018003721c     libcpmt:locale0.obj
 0005:00000220       __guard_fids__             0000000180037220     libcpmt:locale0.obj
 0005:0000022c       __guard_fids__             000000018003722c     libcpmt:locale0.obj
 0005:00000230       __guard_fids__             0000000180037230     libcpmt:locale0.obj
 0005:00000234       __guard_fids__             0000000180037234     libcpmt:xthrow.obj
 0005:0000023c       __guard_fids__             000000018003723c     libcpmt:xthrow.obj
 0005:00000244       __guard_fids__             0000000180037244     libcpmt:xthrow.obj
 0005:0000024c       __guard_fids__             000000018003724c     libcpmt:xthrow.obj
 0005:00000254       __guard_fids_??__Einitlocks@std@@YAXXZ 0000000180037254     libcpmt:iosptrs.obj
 0005:00000258       __guard_fids_??__Einit_atexit@@YAXXZ 0000000180037258     libcpmt:iosptrs.obj
 0005:0000025c       __guard_fids__             000000018003725c     libcpmt:iosptrs.obj
 0005:00000260       __guard_fids__             0000000180037260     libcpmt:iosptrs.obj
 0005:00000264       __guard_fids__             0000000180037264     libcpmt:winapisupp.obj
 0005:00000268       __guard_fids__             0000000180037268     LIBCMT:thread_safe_statics.obj
 0005:0000026c       __guard_fids_?__scrt_initialize_thread_safe_statics@@YAHXZ 000000018003726c     LIBCMT:thread_safe_statics.obj
 0005:00000270       __guard_fids_?dllmain_crt_process_attach@@YAHQEAUHINSTANCE__@@QEAX@Z 0000000180037270     LIBCMT:dll_dllmain.obj
 0005:00000278       __guard_fids_?dllmain_dispatch@@YAHQEAUHINSTANCE__@@KQEAX@Z 0000000180037278     LIBCMT:dll_dllmain.obj
 0005:0000027c       __guard_fids__             000000018003727c     LIBCMT:std_type_info_static.obj
 0005:00000280       __guard_fids__             0000000180037280     LIBCMT:throw_bad_alloc.obj
 0005:00000288       __guard_fids__             0000000180037288     LIBCMT:guard_support.obj
 0005:0000028c       __guard_fids__             000000018003728c     libvcruntime:frame.obj
 0005:00000290       __guard_fids__             0000000180037290     libvcruntime:frame.obj
 0005:00000298       __guard_fids__UnwindNestedFrames 0000000180037298     libvcruntime:trnsctrl.obj
 0005:0000029c       __guard_fids___vcrt_initialize_ptd 000000018003729c     libvcruntime:per_thread_data.obj
 0007:00000060       $R000000                   0000000180039060     * linker generated manifest res *

 Exports

  ordinal    name

        1    _register_addon_
